Archive member included to satisfy reference by file (symbol)

c:/st/stm32cubeide_1.10.1/stm32cubeide/plugins/com.st.stm32cube.ide.mcu.externaltools.gnu-tools-for-stm32.10.3-2021.10.win32_1.0.0.202111181127/tools/bin/../lib/gcc/arm-none-eabi/10.3.1/../../../../arm-none-eabi/lib/thumb/v7e-m+fp/hard\libc_nano.a(lib_a-errno.o)
                              ./Core/Src/syscalls.o (__errno)
c:/st/stm32cubeide_1.10.1/stm32cubeide/plugins/com.st.stm32cube.ide.mcu.externaltools.gnu-tools-for-stm32.10.3-2021.10.win32_1.0.0.202111181127/tools/bin/../lib/gcc/arm-none-eabi/10.3.1/../../../../arm-none-eabi/lib/thumb/v7e-m+fp/hard\libc_nano.a(lib_a-exit.o)
                              c:/st/stm32cubeide_1.10.1/stm32cubeide/plugins/com.st.stm32cube.ide.mcu.externaltools.gnu-tools-for-stm32.10.3-2021.10.win32_1.0.0.202111181127/tools/bin/../lib/gcc/arm-none-eabi/10.3.1/../../../../arm-none-eabi/lib/thumb/v7e-m+fp/hard/crt0.o (exit)
c:/st/stm32cubeide_1.10.1/stm32cubeide/plugins/com.st.stm32cube.ide.mcu.externaltools.gnu-tools-for-stm32.10.3-2021.10.win32_1.0.0.202111181127/tools/bin/../lib/gcc/arm-none-eabi/10.3.1/../../../../arm-none-eabi/lib/thumb/v7e-m+fp/hard\libc_nano.a(lib_a-impure.o)
                              c:/st/stm32cubeide_1.10.1/stm32cubeide/plugins/com.st.stm32cube.ide.mcu.externaltools.gnu-tools-for-stm32.10.3-2021.10.win32_1.0.0.202111181127/tools/bin/../lib/gcc/arm-none-eabi/10.3.1/../../../../arm-none-eabi/lib/thumb/v7e-m+fp/hard\libc_nano.a(lib_a-exit.o) (_global_impure_ptr)
c:/st/stm32cubeide_1.10.1/stm32cubeide/plugins/com.st.stm32cube.ide.mcu.externaltools.gnu-tools-for-stm32.10.3-2021.10.win32_1.0.0.202111181127/tools/bin/../lib/gcc/arm-none-eabi/10.3.1/../../../../arm-none-eabi/lib/thumb/v7e-m+fp/hard\libc_nano.a(lib_a-init.o)
                              c:/st/stm32cubeide_1.10.1/stm32cubeide/plugins/com.st.stm32cube.ide.mcu.externaltools.gnu-tools-for-stm32.10.3-2021.10.win32_1.0.0.202111181127/tools/bin/../lib/gcc/arm-none-eabi/10.3.1/../../../../arm-none-eabi/lib/thumb/v7e-m+fp/hard/crt0.o (__libc_init_array)
c:/st/stm32cubeide_1.10.1/stm32cubeide/plugins/com.st.stm32cube.ide.mcu.externaltools.gnu-tools-for-stm32.10.3-2021.10.win32_1.0.0.202111181127/tools/bin/../lib/gcc/arm-none-eabi/10.3.1/../../../../arm-none-eabi/lib/thumb/v7e-m+fp/hard\libc_nano.a(lib_a-memset.o)
                              c:/st/stm32cubeide_1.10.1/stm32cubeide/plugins/com.st.stm32cube.ide.mcu.externaltools.gnu-tools-for-stm32.10.3-2021.10.win32_1.0.0.202111181127/tools/bin/../lib/gcc/arm-none-eabi/10.3.1/../../../../arm-none-eabi/lib/thumb/v7e-m+fp/hard/crt0.o (memset)
c:/st/stm32cubeide_1.10.1/stm32cubeide/plugins/com.st.stm32cube.ide.mcu.externaltools.gnu-tools-for-stm32.10.3-2021.10.win32_1.0.0.202111181127/tools/bin/../lib/gcc/arm-none-eabi/10.3.1/thumb/v7e-m+fp/hard\libgcc.a(_aeabi_uldivmod.o)
                              ./Drivers/STM32F4xx_HAL_Driver/Src/stm32f4xx_hal_rcc.o (__aeabi_uldivmod)
c:/st/stm32cubeide_1.10.1/stm32cubeide/plugins/com.st.stm32cube.ide.mcu.externaltools.gnu-tools-for-stm32.10.3-2021.10.win32_1.0.0.202111181127/tools/bin/../lib/gcc/arm-none-eabi/10.3.1/thumb/v7e-m+fp/hard\libgcc.a(_udivmoddi4.o)
                              c:/st/stm32cubeide_1.10.1/stm32cubeide/plugins/com.st.stm32cube.ide.mcu.externaltools.gnu-tools-for-stm32.10.3-2021.10.win32_1.0.0.202111181127/tools/bin/../lib/gcc/arm-none-eabi/10.3.1/thumb/v7e-m+fp/hard\libgcc.a(_aeabi_uldivmod.o) (__udivmoddi4)
c:/st/stm32cubeide_1.10.1/stm32cubeide/plugins/com.st.stm32cube.ide.mcu.externaltools.gnu-tools-for-stm32.10.3-2021.10.win32_1.0.0.202111181127/tools/bin/../lib/gcc/arm-none-eabi/10.3.1/thumb/v7e-m+fp/hard\libgcc.a(_dvmd_tls.o)
                              c:/st/stm32cubeide_1.10.1/stm32cubeide/plugins/com.st.stm32cube.ide.mcu.externaltools.gnu-tools-for-stm32.10.3-2021.10.win32_1.0.0.202111181127/tools/bin/../lib/gcc/arm-none-eabi/10.3.1/thumb/v7e-m+fp/hard\libgcc.a(_aeabi_uldivmod.o) (__aeabi_ldiv0)

Discarded input sections

 .text          0x0000000000000000        0x0 c:/st/stm32cubeide_1.10.1/stm32cubeide/plugins/com.st.stm32cube.ide.mcu.externaltools.gnu-tools-for-stm32.10.3-2021.10.win32_1.0.0.202111181127/tools/bin/../lib/gcc/arm-none-eabi/10.3.1/thumb/v7e-m+fp/hard/crti.o
 .data          0x0000000000000000        0x0 c:/st/stm32cubeide_1.10.1/stm32cubeide/plugins/com.st.stm32cube.ide.mcu.externaltools.gnu-tools-for-stm32.10.3-2021.10.win32_1.0.0.202111181127/tools/bin/../lib/gcc/arm-none-eabi/10.3.1/thumb/v7e-m+fp/hard/crti.o
 .bss           0x0000000000000000        0x0 c:/st/stm32cubeide_1.10.1/stm32cubeide/plugins/com.st.stm32cube.ide.mcu.externaltools.gnu-tools-for-stm32.10.3-2021.10.win32_1.0.0.202111181127/tools/bin/../lib/gcc/arm-none-eabi/10.3.1/thumb/v7e-m+fp/hard/crti.o
[...]
Memory Configuration

Name             Origin             Length             Attributes
CCMRAM           0x0000000010000000 0x0000000000010000 xrw
RAM              0x0000000020000000 0x0000000000020000 xrw
FLASH            0x0000000008000000 0x0000000000100000 xr
*default*        0x0000000000000000 0xffffffffffffffff

Linker script and memory map

LOAD c:/st/stm32cubeide_1.10.1/stm32cubeide/plugins/com.st.stm32cube.ide.mcu.externaltools.gnu-tools-for-stm32.10.3-2021.10.win32_1.0.0.202111181127/tools/bin/../lib/gcc/arm-none-eabi/10.3.1/thumb/v7e-m+fp/hard/crti.o
LOAD c:/st/stm32cubeide_1.10.1/stm32cubeide/plugins/com.st.stm32cube.ide.mcu.externaltools.gnu-tools-for-stm32.10.3-2021.10.win32_1.0.0.202111181127/tools/bin/../lib/gcc/arm-none-eabi/10.3.1/thumb/v7e-m+fp/hard/crtbegin.o
LOAD c:/st/stm32cubeide_1.10.1/stm32cubeide/plugins/com.st.stm32cube.ide.mcu.externaltools.gnu-tools-for-stm32.10.3-2021.10.win32_1.0.0.202111181127/tools/bin/../lib/gcc/arm-none-eabi/10.3.1/../../../../arm-none-eabi/lib/thumb/v7e-m+fp/hard/crt0.o
LOAD ./Core/Src/adc.o
LOAD ./Core/Src/dma.o
LOAD ./Core/Src/errorstringifyFRresult.o
LOAD ./Core/Src/gpio.o
LOAD ./Core/Src/main.o
LOAD ./Core/Src/sdTESTS.o
LOAD ./Core/Src/sdio.o
LOAD ./Core/Src/stm32f4xx_hal_msp.o
LOAD ./Core/Src/stm32f4xx_it.o
LOAD ./Core/Src/syscalls.o
LOAD ./Core/Src/sysmem.o
LOAD ./Core/Src/system_stm32f4xx.o
LOAD ./Core/Src/usart.o
LOAD ./Core/Startup/startup_stm32f405rgtx.o
LOAD ./Drivers/STM32F4xx_HAL_Driver/Src/stm32f4xx_hal.o
LOAD ./Drivers/STM32F4xx_HAL_Driver/Src/stm32f4xx_hal_adc.o
LOAD ./Drivers/STM32F4xx_HAL_Driver/Src/stm32f4xx_hal_adc_ex.o
LOAD ./Drivers/STM32F4xx_HAL_Driver/Src/stm32f4xx_hal_cortex.o
LOAD ./Drivers/STM32F4xx_HAL_Driver/Src/stm32f4xx_hal_dma.o
LOAD ./Drivers/STM32F4xx_HAL_Driver/Src/stm32f4xx_hal_dma_ex.o
LOAD ./Drivers/STM32F4xx_HAL_Driver/Src/stm32f4xx_hal_exti.o
LOAD ./Drivers/STM32F4xx_HAL_Driver/Src/stm32f4xx_hal_flash.o
LOAD ./Drivers/STM32F4xx_HAL_Driver/Src/stm32f4xx_hal_flash_ex.o
LOAD ./Drivers/STM32F4xx_HAL_Driver/Src/stm32f4xx_hal_flash_ramfunc.o
LOAD ./Drivers/STM32F4xx_HAL_Driver/Src/stm32f4xx_hal_gpio.o
LOAD ./Drivers/STM32F4xx_HAL_Driver/Src/stm32f4xx_hal_pwr.o
LOAD ./Drivers/STM32F4xx_HAL_Driver/Src/stm32f4xx_hal_pwr_ex.o
LOAD ./Drivers/STM32F4xx_HAL_Driver/Src/stm32f4xx_hal_rcc.o
LOAD ./Drivers/STM32F4xx_HAL_Driver/Src/stm32f4xx_hal_rcc_ex.o
LOAD ./Drivers/STM32F4xx_HAL_Driver/Src/stm32f4xx_hal_sd.o
LOAD ./Drivers/STM32F4xx_HAL_Driver/Src/stm32f4xx_hal_tim.o
LOAD ./Drivers/STM32F4xx_HAL_Driver/Src/stm32f4xx_hal_tim_ex.o
LOAD ./Drivers/STM32F4xx_HAL_Driver/Src/stm32f4xx_hal_uart.o
LOAD ./Drivers/STM32F4xx_HAL_Driver/Src/stm32f4xx_ll_adc.o
LOAD ./Drivers/STM32F4xx_HAL_Driver/Src/stm32f4xx_ll_sdmmc.o
LOAD ./FATFS/App/fatfs.o
LOAD ./FATFS/Target/bsp_driver_sd.o
LOAD ./FATFS/Target/fatfs_platform.o
LOAD ./FATFS/Target/sd_diskio.o
LOAD ./Middlewares/Third_Party/FatFs/src/diskio.o
LOAD ./Middlewares/Third_Party/FatFs/src/ff.o
LOAD ./Middlewares/Third_Party/FatFs/src/ff_gen_drv.o
LOAD ./Middlewares/Third_Party/FatFs/src/option/ccsbcs.o
LOAD ./Middlewares/Third_Party/FatFs/src/option/syscall.o
START GROUP
LOAD c:/st/stm32cubeide_1.10.1/stm32cubeide/plugins/com.st.stm32cube.ide.mcu.externaltools.gnu-tools-for-stm32.10.3-2021.10.win32_1.0.0.202111181127/tools/bin/../lib/gcc/arm-none-eabi/10.3.1/../../../../arm-none-eabi/lib/thumb/v7e-m+fp/hard\libc_nano.a
LOAD c:/st/stm32cubeide_1.10.1/stm32cubeide/plugins/com.st.stm32cube.ide.mcu.externaltools.gnu-tools-for-stm32.10.3-2021.10.win32_1.0.0.202111181127/tools/bin/../lib/gcc/arm-none-eabi/10.3.1/../../../../arm-none-eabi/lib/thumb/v7e-m+fp/hard\libm.a
END GROUP
START GROUP
LOAD c:/st/stm32cubeide_1.10.1/stm32cubeide/plugins/com.st.stm32cube.ide.mcu.externaltools.gnu-tools-for-stm32.10.3-2021.10.win32_1.0.0.202111181127/tools/bin/../lib/gcc/arm-none-eabi/10.3.1/thumb/v7e-m+fp/hard\libgcc.a
LOAD c:/st/stm32cubeide_1.10.1/stm32cubeide/plugins/com.st.stm32cube.ide.mcu.externaltools.gnu-tools-for-stm32.10.3-2021.10.win32_1.0.0.202111181127/tools/bin/../lib/gcc/arm-none-eabi/10.3.1/../../../../arm-none-eabi/lib/thumb/v7e-m+fp/hard\libc_nano.a
END GROUP
START GROUP
LOAD c:/st/stm32cubeide_1.10.1/stm32cubeide/plugins/com.st.stm32cube.ide.mcu.externaltools.gnu-tools-for-stm32.10.3-2021.10.win32_1.0.0.202111181127/tools/bin/../lib/gcc/arm-none-eabi/10.3.1/thumb/v7e-m+fp/hard\libgcc.a
LOAD c:/st/stm32cubeide_1.10.1/stm32cubeide/plugins/com.st.stm32cube.ide.mcu.externaltools.gnu-tools-for-stm32.10.3-2021.10.win32_1.0.0.202111181127/tools/bin/../lib/gcc/arm-none-eabi/10.3.1/../../../../arm-none-eabi/lib/thumb/v7e-m+fp/hard\libc_nano.a
LOAD c:/st/stm32cubeide_1.10.1/stm32cubeide/plugins/com.st.stm32cube.ide.mcu.externaltools.gnu-tools-for-stm32.10.3-2021.10.win32_1.0.0.202111181127/tools/bin/../lib/gcc/arm-none-eabi/10.3.1/../../../../arm-none-eabi/lib/thumb/v7e-m+fp/hard\libnosys.a
END GROUP
START GROUP
LOAD c:/st/stm32cubeide_1.10.1/stm32cubeide/plugins/com.st.stm32cube.ide.mcu.externaltools.gnu-tools-for-stm32.10.3-2021.10.win32_1.0.0.202111181127/tools/bin/../lib/gcc/arm-none-eabi/10.3.1/thumb/v7e-m+fp/hard\libgcc.a
LOAD c:/st/stm32cubeide_1.10.1/stm32cubeide/plugins/com.st.stm32cube.ide.mcu.externaltools.gnu-tools-for-stm32.10.3-2021.10.win32_1.0.0.202111181127/tools/bin/../lib/gcc/arm-none-eabi/10.3.1/../../../../arm-none-eabi/lib/thumb/v7e-m+fp/hard\libc_nano.a
LOAD c:/st/stm32cubeide_1.10.1/stm32cubeide/plugins/com.st.stm32cube.ide.mcu.externaltools.gnu-tools-for-stm32.10.3-2021.10.win32_1.0.0.202111181127/tools/bin/../lib/gcc/arm-none-eabi/10.3.1/../../../../arm-none-eabi/lib/thumb/v7e-m+fp/hard\libnosys.a
END GROUP
LOAD c:/st/stm32cubeide_1.10.1/stm32cubeide/plugins/com.st.stm32cube.ide.mcu.externaltools.gnu-tools-for-stm32.10.3-2021.10.win32_1.0.0.202111181127/tools/bin/../lib/gcc/arm-none-eabi/10.3.1/thumb/v7e-m+fp/hard/crtend.o
LOAD c:/st/stm32cubeide_1.10.1/stm32cubeide/plugins/com.st.stm32cube.ide.mcu.externaltools.gnu-tools-for-stm32.10.3-2021.10.win32_1.0.0.202111181127/tools/bin/../lib/gcc/arm-none-eabi/10.3.1/thumb/v7e-m+fp/hard/crtn.o
                0x0000000020020000                _estack = (ORIGIN (RAM) + LENGTH (RAM))
                0x0000000000002000                _Min_Heap_Size = 0x2000
                0x0000000000004000                _Min_Stack_Size = 0x4000

.isr_vector     0x0000000008000000      0x188
                0x0000000008000000                . = ALIGN (0x4)
 *(.isr_vector)
 .isr_vector    0x0000000008000000      0x188 ./Core/Startup/startup_stm32f405rgtx.o
                0x0000000008000000                g_pfnVectors
                0x0000000008000188                . = ALIGN (0x4)

.text           0x0000000008000188     0x89e0
                0x0000000008000188                . = ALIGN (0x4)
 *(.text)
 .text          0x0000000008000188       0x40 c:/st/stm32cubeide_1.10.1/stm32cubeide/plugins/com.st.stm32cube.ide.mcu.externaltools.gnu-tools-for-stm32.10.3-2021.10.win32_1.0.0.202111181127/tools/bin/../lib/gcc/arm-none-eabi/10.3.1/thumb/v7e-m+fp/hard/crtbegin.o
 .text          0x00000000080001c8       0x30 c:/st/stm32cubeide_1.10.1/stm32cubeide/plugins/com.st.stm32cube.ide.mcu.externaltools.gnu-tools-for-stm32.10.3-2021.10.win32_1.0.0.202111181127/tools/bin/../lib/gcc/arm-none-eabi/10.3.1/thumb/v7e-m+fp/hard\libgcc.a(_aeabi_uldivmod.o)
                0x00000000080001c8                __aeabi_uldivmod
 .text          0x00000000080001f8      0x2d0 c:/st/stm32cubeide_1.10.1/stm32cubeide/plugins/com.st.stm32cube.ide.mcu.externaltools.gnu-tools-for-stm32.10.3-2021.10.win32_1.0.0.202111181127/tools/bin/../lib/gcc/arm-none-eabi/10.3.1/thumb/v7e-m+fp/hard\libgcc.a(_udivmoddi4.o)
                0x00000000080001f8                __udivmoddi4
 .text          0x00000000080004c8        0x4 c:/st/stm32cubeide_1.10.1/stm32cubeide/plugins/com.st.stm32cube.ide.mcu.externaltools.gnu-tools-for-stm32.10.3-2021.10.win32_1.0.0.202111181127/tools/bin/../lib/gcc/arm-none-eabi/10.3.1/thumb/v7e-m+fp/hard\libgcc.a(_dvmd_tls.o)
                0x00000000080004c8                __aeabi_idiv0
                0x00000000080004c8                __aeabi_ldiv0
 *(.text*)
 .text.MX_ADC1_Init
                0x00000000080004cc       0xa4 ./Core/Src/adc.o
                0x00000000080004cc                MX_ADC1_Init
 .text.HAL_ADC_MspInit
                0x0000000008000570       0x88 ./Core/Src/adc.o
                0x0000000008000570                HAL_ADC_MspInit
 .text.MX_DMA_Init
                0x00000000080005f8       0x50 ./Core/Src/dma.o
                0x00000000080005f8                MX_DMA_Init
 .text.printError
                0x0000000008000648      0x208 ./Core/Src/errorstringifyFRresult.o
                0x0000000008000648                printError
 .text.MX_GPIO_Init
                0x0000000008000850       0xf8 ./Core/Src/gpio.o
                0x0000000008000850                MX_GPIO_Init
 .text.main     0x0000000008000948       0x58 ./Core/Src/main.o
                0x0000000008000948                main
 .text.SystemClock_Config
                0x00000000080009a0       0xd4 ./Core/Src/main.o
                0x00000000080009a0                SystemClock_Config
 .text.Error_Handler
                0x0000000008000a74        0xa ./Core/Src/main.o
                0x0000000008000a74                Error_Handler
 *fill*         0x0000000008000a7e        0x2 
 .text.AppendToFile
                0x0000000008000a80      0x1ac ./Core/Src/sdTESTS.o
                0x0000000008000a80                AppendToFile
 .text.MX_SDIO_SD_Init
                0x0000000008000c2c       0x40 ./Core/Src/sdio.o
                0x0000000008000c2c                MX_SDIO_SD_Init
 .text.HAL_SD_MspInit
                0x0000000008000c6c      0x200 ./Core/Src/sdio.o
                0x0000000008000c6c                HAL_SD_MspInit
 .text.HAL_MspInit
                0x0000000008000e6c       0x50 ./Core/Src/stm32f4xx_hal_msp.o
                0x0000000008000e6c                HAL_MspInit
 .text.NMI_Handler
                0x0000000008000ebc        0x6 ./Core/Src/stm32f4xx_it.o
                0x0000000008000ebc                NMI_Handler
 .text.HardFault_Handler
                0x0000000008000ec2        0x6 ./Core/Src/stm32f4xx_it.o
                0x0000000008000ec2                HardFault_Handler
 .text.MemManage_Handler
                0x0000000008000ec8        0x6 ./Core/Src/stm32f4xx_it.o
                0x0000000008000ec8                MemManage_Handler
 .text.BusFault_Handler
                0x0000000008000ece        0x6 ./Core/Src/stm32f4xx_it.o
                0x0000000008000ece                BusFault_Handler
 .text.UsageFault_Handler
                0x0000000008000ed4        0x6 ./Core/Src/stm32f4xx_it.o
                0x0000000008000ed4                UsageFault_Handler
 .text.SVC_Handler
                0x0000000008000eda        0xe ./Core/Src/stm32f4xx_it.o
                0x0000000008000eda                SVC_Handler
 .text.DebugMon_Handler
                0x0000000008000ee8        0xe ./Core/Src/stm32f4xx_it.o
                0x0000000008000ee8                DebugMon_Handler
 .text.PendSV_Handler
                0x0000000008000ef6        0xe ./Core/Src/stm32f4xx_it.o
                0x0000000008000ef6                PendSV_Handler
 .text.SysTick_Handler
                0x0000000008000f04        0xc ./Core/Src/stm32f4xx_it.o
                0x0000000008000f04                SysTick_Handler
 .text.SDIO_IRQHandler
                0x0000000008000f10       0x14 ./Core/Src/stm32f4xx_it.o
                0x0000000008000f10                SDIO_IRQHandler
 .text.DMA2_Stream3_IRQHandler
                0x0000000008000f24       0x14 ./Core/Src/stm32f4xx_it.o
                0x0000000008000f24                DMA2_Stream3_IRQHandler
 .text.DMA2_Stream6_IRQHandler
                0x0000000008000f38       0x14 ./Core/Src/stm32f4xx_it.o
                0x0000000008000f38                DMA2_Stream6_IRQHandler
 .text.SystemInit
                0x0000000008000f4c       0x24 ./Core/Src/system_stm32f4xx.o
                0x0000000008000f4c                SystemInit
 .text.MX_USART3_UART_Init
                0x0000000008000f70       0x54 ./Core/Src/usart.o
                0x0000000008000f70                MX_USART3_UART_Init
 .text.HAL_UART_MspInit
                0x0000000008000fc4       0x90 ./Core/Src/usart.o
                0x0000000008000fc4                HAL_UART_MspInit
 .text.Reset_Handler
                0x0000000008001054       0x50 ./Core/Startup/startup_stm32f405rgtx.o
                0x0000000008001054                Reset_Handler
 .text.Default_Handler
                0x00000000080010a4        0x2 ./Core/Startup/startup_stm32f405rgtx.o
                0x00000000080010a4                RTC_Alarm_IRQHandler
                0x00000000080010a4                HASH_RNG_IRQHandler
                0x00000000080010a4                EXTI2_IRQHandler
                0x00000000080010a4                TIM8_CC_IRQHandler
                0x00000000080010a4                TIM1_CC_IRQHandler
                0x00000000080010a4                DMA2_Stream5_IRQHandler
                0x00000000080010a4                DMA1_Stream5_IRQHandler
                0x00000000080010a4                PVD_IRQHandler
                0x00000000080010a4                TAMP_STAMP_IRQHandler
                0x00000000080010a4                CAN2_RX1_IRQHandler
                0x00000000080010a4                EXTI3_IRQHandler
                0x00000000080010a4                TIM8_TRG_COM_TIM14_IRQHandler
                0x00000000080010a4                TIM1_UP_TIM10_IRQHandler
                0x00000000080010a4                TIM8_UP_TIM13_IRQHandler
                0x00000000080010a4                I2C3_ER_IRQHandler
                0x00000000080010a4                EXTI0_IRQHandler
                0x00000000080010a4                I2C2_EV_IRQHandler
                0x00000000080010a4                DMA1_Stream2_IRQHandler
                0x00000000080010a4                CAN1_RX0_IRQHandler
                0x00000000080010a4                FPU_IRQHandler
                0x00000000080010a4                OTG_HS_WKUP_IRQHandler
                0x00000000080010a4                CAN2_SCE_IRQHandler
                0x00000000080010a4                DMA2_Stream2_IRQHandler
                0x00000000080010a4                SPI1_IRQHandler
                0x00000000080010a4                TIM6_DAC_IRQHandler
                0x00000000080010a4                TIM1_BRK_TIM9_IRQHandler
                0x00000000080010a4                CAN2_RX0_IRQHandler
                0x00000000080010a4                USART6_IRQHandler
                0x00000000080010a4                USART3_IRQHandler
                0x00000000080010a4                CAN1_RX1_IRQHandler
                0x00000000080010a4                UART5_IRQHandler
                0x00000000080010a4                DMA2_Stream0_IRQHandler
                0x00000000080010a4                TIM4_IRQHandler
                0x00000000080010a4                I2C1_EV_IRQHandler
                0x00000000080010a4                DMA1_Stream6_IRQHandler
                0x00000000080010a4                DMA1_Stream1_IRQHandler
                0x00000000080010a4                UART4_IRQHandler
                0x00000000080010a4                TIM3_IRQHandler
                0x00000000080010a4                RCC_IRQHandler
                0x00000000080010a4                TIM8_BRK_TIM12_IRQHandler
                0x00000000080010a4                Default_Handler
                0x00000000080010a4                EXTI15_10_IRQHandler
                0x00000000080010a4                ADC_IRQHandler
                0x00000000080010a4                DMA1_Stream7_IRQHandler
                0x00000000080010a4                TIM7_IRQHandler
                0x00000000080010a4                CAN2_TX_IRQHandler
                0x00000000080010a4                TIM5_IRQHandler
                0x00000000080010a4                DMA2_Stream7_IRQHandler
                0x00000000080010a4                I2C3_EV_IRQHandler
                0x00000000080010a4                EXTI9_5_IRQHandler
                0x00000000080010a4                RTC_WKUP_IRQHandler
                0x00000000080010a4                SPI2_IRQHandler
                0x00000000080010a4                OTG_HS_EP1_IN_IRQHandler
                0x00000000080010a4                DMA1_Stream0_IRQHandler
                0x00000000080010a4                CAN1_TX_IRQHandler
                0x00000000080010a4                EXTI4_IRQHandler
                0x00000000080010a4                FSMC_IRQHandler
                0x00000000080010a4                OTG_HS_EP1_OUT_IRQHandler
                0x00000000080010a4                WWDG_IRQHandler
                0x00000000080010a4                TIM2_IRQHandler
                0x00000000080010a4                OTG_FS_WKUP_IRQHandler
                0x00000000080010a4                TIM1_TRG_COM_TIM11_IRQHandler
                0x00000000080010a4                OTG_HS_IRQHandler
                0x00000000080010a4                EXTI1_IRQHandler
                0x00000000080010a4                USART2_IRQHandler
                0x00000000080010a4                I2C2_ER_IRQHandler
                0x00000000080010a4                DMA2_Stream1_IRQHandler
                0x00000000080010a4                CAN1_SCE_IRQHandler
                0x00000000080010a4                FLASH_IRQHandler
                0x00000000080010a4                DMA2_Stream4_IRQHandler
                0x00000000080010a4                USART1_IRQHandler
                0x00000000080010a4                OTG_FS_IRQHandler
                0x00000000080010a4                SPI3_IRQHandler
                0x00000000080010a4                DMA1_Stream4_IRQHandler
                0x00000000080010a4                I2C1_ER_IRQHandler
                0x00000000080010a4                DMA1_Stream3_IRQHandler
 *fill*         0x00000000080010a6        0x2 
 .text.HAL_Init
                0x00000000080010a8       0x44 ./Drivers/STM32F4xx_HAL_Driver/Src/stm32f4xx_hal.o
                0x00000000080010a8                HAL_Init
 .text.HAL_InitTick
                0x00000000080010ec       0x60 ./Drivers/STM32F4xx_HAL_Driver/Src/stm32f4xx_hal.o
                0x00000000080010ec                HAL_InitTick
 .text.HAL_IncTick
                0x000000000800114c       0x28 ./Drivers/STM32F4xx_HAL_Driver/Src/stm32f4xx_hal.o
                0x000000000800114c                HAL_IncTick
 .text.HAL_GetTick
                0x0000000008001174       0x18 ./Drivers/STM32F4xx_HAL_Driver/Src/stm32f4xx_hal.o
                0x0000000008001174                HAL_GetTick
 .text.HAL_Delay
                0x000000000800118c       0x48 ./Drivers/STM32F4xx_HAL_Driver/Src/stm32f4xx_hal.o
                0x000000000800118c                HAL_Delay
 .text.HAL_ADC_Init
                0x00000000080011d4       0x86 ./Drivers/STM32F4xx_HAL_Driver/Src/stm32f4xx_hal_adc.o
                0x00000000080011d4                HAL_ADC_Init
 *fill*         0x000000000800125a        0x2 
 .text.HAL_ADC_ConfigChannel
                0x000000000800125c      0x244 ./Drivers/STM32F4xx_HAL_Driver/Src/stm32f4xx_hal_adc.o
                0x000000000800125c                HAL_ADC_ConfigChannel
 .text.ADC_Init
                0x00000000080014a0      0x1f8 ./Drivers/STM32F4xx_HAL_Driver/Src/stm32f4xx_hal_adc.o
 .text.__NVIC_SetPriorityGrouping
                0x0000000008001698       0x48 ./Drivers/STM32F4xx_HAL_Driver/Src/stm32f4xx_hal_cortex.o
 .text.__NVIC_GetPriorityGrouping
                0x00000000080016e0       0x1c ./Drivers/STM32F4xx_HAL_Driver/Src/stm32f4xx_hal_cortex.o
 .text.__NVIC_EnableIRQ
                0x00000000080016fc       0x3c ./Drivers/STM32F4xx_HAL_Driver/Src/stm32f4xx_hal_cortex.o
 .text.__NVIC_SetPriority
                0x0000000008001738       0x54 ./Drivers/STM32F4xx_HAL_Driver/Src/stm32f4xx_hal_cortex.o
 .text.NVIC_EncodePriority
                0x000000000800178c       0x66 ./Drivers/STM32F4xx_HAL_Driver/Src/stm32f4xx_hal_cortex.o
 *fill*         0x00000000080017f2        0x2 
 .text.SysTick_Config
                0x00000000080017f4       0x44 ./Drivers/STM32F4xx_HAL_Driver/Src/stm32f4xx_hal_cortex.o
 .text.HAL_NVIC_SetPriorityGrouping
                0x0000000008001838       0x16 ./Drivers/STM32F4xx_HAL_Driver/Src/stm32f4xx_hal_cortex.o
                0x0000000008001838                HAL_NVIC_SetPriorityGrouping
 .text.HAL_NVIC_SetPriority
                0x000000000800184e       0x38 ./Drivers/STM32F4xx_HAL_Driver/Src/stm32f4xx_hal_cortex.o
                0x000000000800184e                HAL_NVIC_SetPriority
 .text.HAL_NVIC_EnableIRQ
                0x0000000008001886       0x1c ./Drivers/STM32F4xx_HAL_Driver/Src/stm32f4xx_hal_cortex.o
                0x0000000008001886                HAL_NVIC_EnableIRQ
 .text.HAL_SYSTICK_Config
                0x00000000080018a2       0x18 ./Drivers/STM32F4xx_HAL_Driver/Src/stm32f4xx_hal_cortex.o
                0x00000000080018a2                HAL_SYSTICK_Config
 *fill*         0x00000000080018ba        0x2 
 .text.HAL_DMA_Init
                0x00000000080018bc      0x15c ./Drivers/STM32F4xx_HAL_Driver/Src/stm32f4xx_hal_dma.o
                0x00000000080018bc                HAL_DMA_Init
 .text.HAL_DMA_Start_IT
                0x0000000008001a18       0xb0 ./Drivers/STM32F4xx_HAL_Driver/Src/stm32f4xx_hal_dma.o
                0x0000000008001a18                HAL_DMA_Start_IT
 .text.HAL_DMA_Abort_IT
                0x0000000008001ac8       0x44 ./Drivers/STM32F4xx_HAL_Driver/Src/stm32f4xx_hal_dma.o
                0x0000000008001ac8                HAL_DMA_Abort_IT
 .text.HAL_DMA_IRQHandler
                0x0000000008001b0c      0x314 ./Drivers/STM32F4xx_HAL_Driver/Src/stm32f4xx_hal_dma.o
                0x0000000008001b0c                HAL_DMA_IRQHandler
 .text.HAL_DMA_GetError
                0x0000000008001e20       0x18 ./Drivers/STM32F4xx_HAL_Driver/Src/stm32f4xx_hal_dma.o
                0x0000000008001e20                HAL_DMA_GetError
 .text.DMA_SetConfig
                0x0000000008001e38       0x5c ./Drivers/STM32F4xx_HAL_Driver/Src/stm32f4xx_hal_dma.o
 .text.DMA_CalcBaseAndBitshift
                0x0000000008001e94       0x6c ./Drivers/STM32F4xx_HAL_Driver/Src/stm32f4xx_hal_dma.o
 .text.DMA_CheckFifoParam
                0x0000000008001f00       0xf8 ./Drivers/STM32F4xx_HAL_Driver/Src/stm32f4xx_hal_dma.o
 .text.HAL_GPIO_Init
                0x0000000008001ff8      0x338 ./Drivers/STM32F4xx_HAL_Driver/Src/stm32f4xx_hal_gpio.o
                0x0000000008001ff8                HAL_GPIO_Init
 .text.HAL_GPIO_ReadPin
                0x0000000008002330       0x30 ./Drivers/STM32F4xx_HAL_Driver/Src/stm32f4xx_hal_gpio.o
                0x0000000008002330                HAL_GPIO_ReadPin
 .text.HAL_GPIO_WritePin
                0x0000000008002360       0x32 ./Drivers/STM32F4xx_HAL_Driver/Src/stm32f4xx_hal_gpio.o
                0x0000000008002360                HAL_GPIO_WritePin
 *fill*         0x0000000008002392        0x2 
 .text.HAL_RCC_OscConfig
                0x0000000008002394      0x4f0 ./Drivers/STM32F4xx_HAL_Driver/Src/stm32f4xx_hal_rcc.o
                0x0000000008002394                HAL_RCC_OscConfig
 .text.HAL_RCC_ClockConfig
                0x0000000008002884      0x1cc ./Drivers/STM32F4xx_HAL_Driver/Src/stm32f4xx_hal_rcc.o
                0x0000000008002884                HAL_RCC_ClockConfig
 .text.HAL_RCC_GetSysClockFreq
                0x0000000008002a50      0x18c ./Drivers/STM32F4xx_HAL_Driver/Src/stm32f4xx_hal_rcc.o
                0x0000000008002a50                HAL_RCC_GetSysClockFreq
 .text.HAL_RCC_GetHCLKFreq
                0x0000000008002bdc       0x18 ./Drivers/STM32F4xx_HAL_Driver/Src/stm32f4xx_hal_rcc.o
                0x0000000008002bdc                HAL_RCC_GetHCLKFreq
 .text.HAL_RCC_GetPCLK1Freq
                0x0000000008002bf4       0x28 ./Drivers/STM32F4xx_HAL_Driver/Src/stm32f4xx_hal_rcc.o
                0x0000000008002bf4                HAL_RCC_GetPCLK1Freq
 .text.HAL_RCC_GetPCLK2Freq
                0x0000000008002c1c       0x28 ./Drivers/STM32F4xx_HAL_Driver/Src/stm32f4xx_hal_rcc.o
                0x0000000008002c1c                HAL_RCC_GetPCLK2Freq
 .text.HAL_SD_Init
                0x0000000008002c44       0x60 ./Drivers/STM32F4xx_HAL_Driver/Src/stm32f4xx_hal_sd.o
                0x0000000008002c44                HAL_SD_Init
 .text.HAL_SD_InitCard
                0x0000000008002ca4      0x100 ./Drivers/STM32F4xx_HAL_Driver/Src/stm32f4xx_hal_sd.o
                0x0000000008002ca4                HAL_SD_InitCard
 .text.HAL_SD_ReadBlocks_DMA
                0x0000000008002da4      0x1c4 ./Drivers/STM32F4xx_HAL_Driver/Src/stm32f4xx_hal_sd.o
                0x0000000008002da4                HAL_SD_ReadBlocks_DMA
 .text.HAL_SD_WriteBlocks_DMA
                0x0000000008002f68      0x1cc ./Drivers/STM32F4xx_HAL_Driver/Src/stm32f4xx_hal_sd.o
                0x0000000008002f68                HAL_SD_WriteBlocks_DMA
 .text.HAL_SD_IRQHandler
                0x0000000008003134      0x30c ./Drivers/STM32F4xx_HAL_Driver/Src/stm32f4xx_hal_sd.o
                0x0000000008003134                HAL_SD_IRQHandler
 .text.HAL_SD_ErrorCallback
                0x0000000008003440       0x14 ./Drivers/STM32F4xx_HAL_Driver/Src/stm32f4xx_hal_sd.o
                0x0000000008003440                HAL_SD_ErrorCallback
 .text.HAL_SD_GetCardCSD
                0x0000000008003454      0x348 ./Drivers/STM32F4xx_HAL_Driver/Src/stm32f4xx_hal_sd.o
                0x0000000008003454                HAL_SD_GetCardCSD
 .text.HAL_SD_GetCardInfo
                0x000000000800379c       0x58 ./Drivers/STM32F4xx_HAL_Driver/Src/stm32f4xx_hal_sd.o
                0x000000000800379c                HAL_SD_GetCardInfo
 .text.HAL_SD_ConfigWideBusOperation
                0x00000000080037f4      0x134 ./Drivers/STM32F4xx_HAL_Driver/Src/stm32f4xx_hal_sd.o
                0x00000000080037f4                HAL_SD_ConfigWideBusOperation
 .text.HAL_SD_GetCardState
                0x0000000008003928       0x40 ./Drivers/STM32F4xx_HAL_Driver/Src/stm32f4xx_hal_sd.o
                0x0000000008003928                HAL_SD_GetCardState
 .text.SD_DMATransmitCplt
                0x0000000008003968       0x2a ./Drivers/STM32F4xx_HAL_Driver/Src/stm32f4xx_hal_sd.o
 .text.SD_DMAReceiveCplt
                0x0000000008003992       0x70 ./Drivers/STM32F4xx_HAL_Driver/Src/stm32f4xx_hal_sd.o
 *fill*         0x0000000008003a02        0x2 
 .text.SD_DMAError
                0x0000000008003a04       0xa4 ./Drivers/STM32F4xx_HAL_Driver/Src/stm32f4xx_hal_sd.o
 .text.SD_DMATxAbort
                0x0000000008003aa8       0x6e ./Drivers/STM32F4xx_HAL_Driver/Src/stm32f4xx_hal_sd.o
 .text.SD_DMARxAbort
                0x0000000008003b16       0x6e ./Drivers/STM32F4xx_HAL_Driver/Src/stm32f4xx_hal_sd.o
 .text.SD_InitCard
                0x0000000008003b84      0x19c ./Drivers/STM32F4xx_HAL_Driver/Src/stm32f4xx_hal_sd.o
 .text.SD_PowerON
                0x0000000008003d20      0x11c ./Drivers/STM32F4xx_HAL_Driver/Src/stm32f4xx_hal_sd.o
 .text.SD_SendStatus
                0x0000000008003e3c       0x50 ./Drivers/STM32F4xx_HAL_Driver/Src/stm32f4xx_hal_sd.o
 .text.SD_WideBus_Enable
                0x0000000008003e8c       0x96 ./Drivers/STM32F4xx_HAL_Driver/Src/stm32f4xx_hal_sd.o
 .text.SD_WideBus_Disable
                0x0000000008003f22       0x96 ./Drivers/STM32F4xx_HAL_Driver/Src/stm32f4xx_hal_sd.o
 .text.SD_FindSCR
                0x0000000008003fb8      0x1a6 ./Drivers/STM32F4xx_HAL_Driver/Src/stm32f4xx_hal_sd.o
 .text.SD_Read_IT
                0x000000000800415e       0xa2 ./Drivers/STM32F4xx_HAL_Driver/Src/stm32f4xx_hal_sd.o
 .text.SD_Write_IT
                0x0000000008004200       0xaa ./Drivers/STM32F4xx_HAL_Driver/Src/stm32f4xx_hal_sd.o
 .text.HAL_UART_Init
                0x00000000080042aa       0x9a ./Drivers/STM32F4xx_HAL_Driver/Src/stm32f4xx_hal_uart.o
                0x00000000080042aa                HAL_UART_Init
 .text.HAL_UART_Transmit
                0x0000000008004344      0x124 ./Drivers/STM32F4xx_HAL_Driver/Src/stm32f4xx_hal_uart.o
                0x0000000008004344                HAL_UART_Transmit
 .text.UART_WaitOnFlagUntilTimeout
                0x0000000008004468       0xdc ./Drivers/STM32F4xx_HAL_Driver/Src/stm32f4xx_hal_uart.o
 .text.UART_SetConfig
                0x0000000008004544      0x4e8 ./Drivers/STM32F4xx_HAL_Driver/Src/stm32f4xx_hal_uart.o
 .text.SDIO_Init
                0x0000000008004a2c       0x56 ./Drivers/STM32F4xx_HAL_Driver/Src/stm32f4xx_ll_sdmmc.o
                0x0000000008004a2c                SDIO_Init
 .text.SDIO_ReadFIFO
                0x0000000008004a82       0x1a ./Drivers/STM32F4xx_HAL_Driver/Src/stm32f4xx_ll_sdmmc.o
                0x0000000008004a82                SDIO_ReadFIFO
 .text.SDIO_WriteFIFO
                0x0000000008004a9c       0x22 ./Drivers/STM32F4xx_HAL_Driver/Src/stm32f4xx_ll_sdmmc.o
                0x0000000008004a9c                SDIO_WriteFIFO
 .text.SDIO_PowerState_ON
                0x0000000008004abe       0x1c ./Drivers/STM32F4xx_HAL_Driver/Src/stm32f4xx_ll_sdmmc.o
                0x0000000008004abe                SDIO_PowerState_ON
 .text.SDIO_GetPowerState
                0x0000000008004ada       0x1c ./Drivers/STM32F4xx_HAL_Driver/Src/stm32f4xx_ll_sdmmc.o
                0x0000000008004ada                SDIO_GetPowerState
 .text.SDIO_SendCommand
                0x0000000008004af6       0x54 ./Drivers/STM32F4xx_HAL_Driver/Src/stm32f4xx_ll_sdmmc.o
                0x0000000008004af6                SDIO_SendCommand
 .text.SDIO_GetCommandResponse
                0x0000000008004b4a       0x1a ./Drivers/STM32F4xx_HAL_Driver/Src/stm32f4xx_ll_sdmmc.o
                0x0000000008004b4a                SDIO_GetCommandResponse
 .text.SDIO_GetResponse
                0x0000000008004b64       0x26 ./Drivers/STM32F4xx_HAL_Driver/Src/stm32f4xx_ll_sdmmc.o
                0x0000000008004b64                SDIO_GetResponse
 .text.SDIO_ConfigData
                0x0000000008004b8a       0x58 ./Drivers/STM32F4xx_HAL_Driver/Src/stm32f4xx_ll_sdmmc.o
                0x0000000008004b8a                SDIO_ConfigData
 .text.SDMMC_CmdBlockLength
                0x0000000008004be2       0x44 ./Drivers/STM32F4xx_HAL_Driver/Src/stm32f4xx_ll_sdmmc.o
                0x0000000008004be2                SDMMC_CmdBlockLength
 .text.SDMMC_CmdReadSingleBlock
                0x0000000008004c26       0x44 ./Drivers/STM32F4xx_HAL_Driver/Src/stm32f4xx_ll_sdmmc.o
                0x0000000008004c26                SDMMC_CmdReadSingleBlock
 .text.SDMMC_CmdReadMultiBlock
                0x0000000008004c6a       0x44 ./Drivers/STM32F4xx_HAL_Driver/Src/stm32f4xx_ll_sdmmc.o
                0x0000000008004c6a                SDMMC_CmdReadMultiBlock
 .text.SDMMC_CmdWriteSingleBlock
                0x0000000008004cae       0x44 ./Drivers/STM32F4xx_HAL_Driver/Src/stm32f4xx_ll_sdmmc.o
                0x0000000008004cae                SDMMC_CmdWriteSingleBlock
 .text.SDMMC_CmdWriteMultiBlock
                0x0000000008004cf2       0x44 ./Drivers/STM32F4xx_HAL_Driver/Src/stm32f4xx_ll_sdmmc.o
                0x0000000008004cf2                SDMMC_CmdWriteMultiBlock
 *fill*         0x0000000008004d36        0x2 
 .text.SDMMC_CmdStopTransfer
                0x0000000008004d38       0x44 ./Drivers/STM32F4xx_HAL_Driver/Src/stm32f4xx_ll_sdmmc.o
                0x0000000008004d38                SDMMC_CmdStopTransfer
 .text.SDMMC_CmdSelDesel
                0x0000000008004d7c       0x46 ./Drivers/STM32F4xx_HAL_Driver/Src/stm32f4xx_ll_sdmmc.o
                0x0000000008004d7c                SDMMC_CmdSelDesel
 .text.SDMMC_CmdGoIdleState
                0x0000000008004dc2       0x3c ./Drivers/STM32F4xx_HAL_Driver/Src/stm32f4xx_ll_sdmmc.o
                0x0000000008004dc2                SDMMC_CmdGoIdleState
 .text.SDMMC_CmdOperCond
                0x0000000008004dfe       0x3e ./Drivers/STM32F4xx_HAL_Driver/Src/stm32f4xx_ll_sdmmc.o
                0x0000000008004dfe                SDMMC_CmdOperCond
 .text.SDMMC_CmdAppCommand
                0x0000000008004e3c       0x44 ./Drivers/STM32F4xx_HAL_Driver/Src/stm32f4xx_ll_sdmmc.o
                0x0000000008004e3c                SDMMC_CmdAppCommand
 .text.SDMMC_CmdAppOperCommand
                0x0000000008004e80       0x46 ./Drivers/STM32F4xx_HAL_Driver/Src/stm32f4xx_ll_sdmmc.o
                0x0000000008004e80                SDMMC_CmdAppOperCommand
 .text.SDMMC_CmdBusWidth
                0x0000000008004ec6       0x44 ./Drivers/STM32F4xx_HAL_Driver/Src/stm32f4xx_ll_sdmmc.o
                0x0000000008004ec6                SDMMC_CmdBusWidth
 .text.SDMMC_CmdSendSCR
                0x0000000008004f0a       0x42 ./Drivers/STM32F4xx_HAL_Driver/Src/stm32f4xx_ll_sdmmc.o
                0x0000000008004f0a                SDMMC_CmdSendSCR
 .text.SDMMC_CmdSendCID
                0x0000000008004f4c       0x3c ./Drivers/STM32F4xx_HAL_Driver/Src/stm32f4xx_ll_sdmmc.o
                0x0000000008004f4c                SDMMC_CmdSendCID
 .text.SDMMC_CmdSendCSD
                0x0000000008004f88       0x3e ./Drivers/STM32F4xx_HAL_Driver/Src/stm32f4xx_ll_sdmmc.o
                0x0000000008004f88                SDMMC_CmdSendCSD
 .text.SDMMC_CmdSetRelAdd
                0x0000000008004fc6       0x42 ./Drivers/STM32F4xx_HAL_Driver/Src/stm32f4xx_ll_sdmmc.o
                0x0000000008004fc6                SDMMC_CmdSetRelAdd
 .text.SDMMC_CmdSendStatus
                0x0000000008005008       0x44 ./Drivers/STM32F4xx_HAL_Driver/Src/stm32f4xx_ll_sdmmc.o
                0x0000000008005008                SDMMC_CmdSendStatus
 .text.SDMMC_GetCmdResp1
                0x000000000800504c      0x1dc ./Drivers/STM32F4xx_HAL_Driver/Src/stm32f4xx_ll_sdmmc.o
                0x000000000800504c                SDMMC_GetCmdResp1
 .text.SDMMC_GetCmdResp2
                0x0000000008005228       0x90 ./Drivers/STM32F4xx_HAL_Driver/Src/stm32f4xx_ll_sdmmc.o
                0x0000000008005228                SDMMC_GetCmdResp2
 .text.SDMMC_GetCmdResp3
                0x00000000080052b8       0x7c ./Drivers/STM32F4xx_HAL_Driver/Src/stm32f4xx_ll_sdmmc.o
                0x00000000080052b8                SDMMC_GetCmdResp3
 .text.SDMMC_GetCmdResp6
                0x0000000008005334       0xec ./Drivers/STM32F4xx_HAL_Driver/Src/stm32f4xx_ll_sdmmc.o
                0x0000000008005334                SDMMC_GetCmdResp6
 .text.SDMMC_GetCmdResp7
                0x0000000008005420       0x9c ./Drivers/STM32F4xx_HAL_Driver/Src/stm32f4xx_ll_sdmmc.o
                0x0000000008005420                SDMMC_GetCmdResp7
 .text.SDMMC_GetCmdError
                0x00000000080054bc       0x58 ./Drivers/STM32F4xx_HAL_Driver/Src/stm32f4xx_ll_sdmmc.o
 .text.MX_FATFS_Init
                0x0000000008005514       0x24 ./FATFS/App/fatfs.o
                0x0000000008005514                MX_FATFS_Init
 .text.get_fattime
                0x0000000008005538       0x10 ./FATFS/App/fatfs.o
                0x0000000008005538                get_fattime
 .text.BSP_SD_Init
                0x0000000008005548       0x4c ./FATFS/Target/bsp_driver_sd.o
                0x0000000008005548                BSP_SD_Init
 .text.BSP_SD_ReadBlocks_DMA
                0x0000000008005594       0x34 ./FATFS/Target/bsp_driver_sd.o
                0x0000000008005594                BSP_SD_ReadBlocks_DMA
 .text.BSP_SD_WriteBlocks_DMA
                0x00000000080055c8       0x34 ./FATFS/Target/bsp_driver_sd.o
                0x00000000080055c8                BSP_SD_WriteBlocks_DMA
 .text.BSP_SD_GetCardState
                0x00000000080055fc       0x20 ./FATFS/Target/bsp_driver_sd.o
                0x00000000080055fc                BSP_SD_GetCardState
 .text.BSP_SD_GetCardInfo
                0x000000000800561c       0x1c ./FATFS/Target/bsp_driver_sd.o
                0x000000000800561c                BSP_SD_GetCardInfo
 .text.HAL_SD_AbortCallback
                0x0000000008005638       0x14 ./FATFS/Target/bsp_driver_sd.o
                0x0000000008005638                HAL_SD_AbortCallback
 .text.HAL_SD_TxCpltCallback
                0x000000000800564c       0x14 ./FATFS/Target/bsp_driver_sd.o
                0x000000000800564c                HAL_SD_TxCpltCallback
 .text.HAL_SD_RxCpltCallback
                0x0000000008005660       0x14 ./FATFS/Target/bsp_driver_sd.o
                0x0000000008005660                HAL_SD_RxCpltCallback
 .text.BSP_SD_AbortCallback
                0x0000000008005674        0xe ./FATFS/Target/bsp_driver_sd.o
                0x0000000008005674                BSP_SD_AbortCallback
 .text.BSP_SD_IsDetected
                0x0000000008005682       0x24 ./FATFS/Target/bsp_driver_sd.o
                0x0000000008005682                BSP_SD_IsDetected
 *fill*         0x00000000080056a6        0x2 
 .text.BSP_PlatformIsDetected
                0x00000000080056a8       0x40 ./FATFS/Target/fatfs_platform.o
                0x00000000080056a8                BSP_PlatformIsDetected
 .text.SD_CheckStatusWithTimeout
                0x00000000080056e8       0x3a ./FATFS/Target/sd_diskio.o
 *fill*         0x0000000008005722        0x2 
 .text.SD_CheckStatus
                0x0000000008005724       0x3c ./FATFS/Target/sd_diskio.o
 .text.SD_initialize
                0x0000000008005760       0x38 ./FATFS/Target/sd_diskio.o
                0x0000000008005760                SD_initialize
 .text.SD_status
                0x0000000008005798       0x1c ./FATFS/Target/sd_diskio.o
                0x0000000008005798                SD_status
 .text.SD_read  0x00000000080057b4       0xac ./FATFS/Target/sd_diskio.o
                0x00000000080057b4                SD_read
 .text.SD_write
                0x0000000008005860       0xac ./FATFS/Target/sd_diskio.o
                0x0000000008005860                SD_write
 .text.SD_ioctl
                0x000000000800590c       0xb0 ./FATFS/Target/sd_diskio.o
                0x000000000800590c                SD_ioctl
 .text.BSP_SD_WriteCpltCallback
                0x00000000080059bc       0x18 ./FATFS/Target/sd_diskio.o
                0x00000000080059bc                BSP_SD_WriteCpltCallback
 .text.BSP_SD_ReadCpltCallback
                0x00000000080059d4       0x18 ./FATFS/Target/sd_diskio.o
                0x00000000080059d4                BSP_SD_ReadCpltCallback
 .text.disk_status
                0x00000000080059ec       0x34 ./Middlewares/Third_Party/FatFs/src/diskio.o
                0x00000000080059ec                disk_status
 .text.disk_initialize
                0x0000000008005a20       0x4c ./Middlewares/Third_Party/FatFs/src/diskio.o
                0x0000000008005a20                disk_initialize
 .text.disk_read
                0x0000000008005a6c       0x40 ./Middlewares/Third_Party/FatFs/src/diskio.o
                0x0000000008005a6c                disk_read
 .text.disk_write
                0x0000000008005aac       0x40 ./Middlewares/Third_Party/FatFs/src/diskio.o
                0x0000000008005aac                disk_write
 .text.disk_ioctl
                0x0000000008005aec       0x3c ./Middlewares/Third_Party/FatFs/src/diskio.o
                0x0000000008005aec                disk_ioctl
 .text.ld_word  0x0000000008005b28       0x30 ./Middlewares/Third_Party/FatFs/src/ff.o
 .text.ld_dword
                0x0000000008005b58       0x46 ./Middlewares/Third_Party/FatFs/src/ff.o
 .text.st_word  0x0000000008005b9e       0x36 ./Middlewares/Third_Party/FatFs/src/ff.o
 .text.st_dword
                0x0000000008005bd4       0x58 ./Middlewares/Third_Party/FatFs/src/ff.o
 .text.mem_cpy  0x0000000008005c2c       0x42 ./Middlewares/Third_Party/FatFs/src/ff.o
 .text.mem_set  0x0000000008005c6e       0x36 ./Middlewares/Third_Party/FatFs/src/ff.o
 .text.mem_cmp  0x0000000008005ca4       0x4e ./Middlewares/Third_Party/FatFs/src/ff.o
 .text.chk_chr  0x0000000008005cf2       0x36 ./Middlewares/Third_Party/FatFs/src/ff.o
 .text.chk_lock
                0x0000000008005d28       0xb8 ./Middlewares/Third_Party/FatFs/src/ff.o
 .text.enq_lock
                0x0000000008005de0       0x44 ./Middlewares/Third_Party/FatFs/src/ff.o
 .text.inc_lock
                0x0000000008005e24      0x11c ./Middlewares/Third_Party/FatFs/src/ff.o
 .text.dec_lock
                0x0000000008005f40       0x78 ./Middlewares/Third_Party/FatFs/src/ff.o
 .text.clear_lock
                0x0000000008005fb8       0x48 ./Middlewares/Third_Party/FatFs/src/ff.o
 .text.sync_window
                0x0000000008006000       0x88 ./Middlewares/Third_Party/FatFs/src/ff.o
 .text.move_window
                0x0000000008006088       0x5a ./Middlewares/Third_Party/FatFs/src/ff.o
 *fill*         0x00000000080060e2        0x2 
 .text.sync_fs  0x00000000080060e4       0xe0 ./Middlewares/Third_Party/FatFs/src/ff.o
 .text.clust2sect
                0x00000000080061c4       0x3e ./Middlewares/Third_Party/FatFs/src/ff.o
 .text.get_fat  0x0000000008006202      0x1a8 ./Middlewares/Third_Party/FatFs/src/ff.o
 .text.put_fat  0x00000000080063aa      0x238 ./Middlewares/Third_Party/FatFs/src/ff.o
 .text.remove_chain
                0x00000000080065e2       0xca ./Middlewares/Third_Party/FatFs/src/ff.o
 .text.create_chain
                0x00000000080066ac      0x130 ./Middlewares/Third_Party/FatFs/src/ff.o
 .text.clmt_clust
                0x00000000080067dc       0x70 ./Middlewares/Third_Party/FatFs/src/ff.o
 .text.dir_sdi  0x000000000800684c      0x112 ./Middlewares/Third_Party/FatFs/src/ff.o
 .text.dir_next
                0x000000000800695e      0x1ac ./Middlewares/Third_Party/FatFs/src/ff.o
 .text.dir_alloc
                0x0000000008006b0a       0x8e ./Middlewares/Third_Party/FatFs/src/ff.o
 .text.ld_clust
                0x0000000008006b98       0x3e ./Middlewares/Third_Party/FatFs/src/ff.o
 .text.st_clust
                0x0000000008006bd6       0x40 ./Middlewares/Third_Party/FatFs/src/ff.o
 *fill*         0x0000000008006c16        0x2 
 .text.cmp_lfn  0x0000000008006c18       0xe0 ./Middlewares/Third_Party/FatFs/src/ff.o
 .text.put_lfn  0x0000000008006cf8       0xd0 ./Middlewares/Third_Party/FatFs/src/ff.o
 .text.gen_numname
                0x0000000008006dc8      0x11c ./Middlewares/Third_Party/FatFs/src/ff.o
 .text.sum_sfn  0x0000000008006ee4       0x42 ./Middlewares/Third_Party/FatFs/src/ff.o
 .text.dir_find
                0x0000000008006f26      0x180 ./Middlewares/Third_Party/FatFs/src/ff.o
 *fill*         0x00000000080070a6        0x2 
 .text.dir_register
                0x00000000080070a8      0x1f0 ./Middlewares/Third_Party/FatFs/src/ff.o
 .text.create_name
                0x0000000008007298      0x370 ./Middlewares/Third_Party/FatFs/src/ff.o
 .text.follow_path
                0x0000000008007608       0xec ./Middlewares/Third_Party/FatFs/src/ff.o
 .text.get_ldnumber
                0x00000000080076f4       0x88 ./Middlewares/Third_Party/FatFs/src/ff.o
 .text.check_fs
                0x000000000800777c       0xac ./Middlewares/Third_Party/FatFs/src/ff.o
 .text.find_volume
                0x0000000008007828      0x500 ./Middlewares/Third_Party/FatFs/src/ff.o
 .text.validate
                0x0000000008007d28       0x6a ./Middlewares/Third_Party/FatFs/src/ff.o
 *fill*         0x0000000008007d92        0x2 
 .text.f_mount  0x0000000008007d94       0x8c ./Middlewares/Third_Party/FatFs/src/ff.o
                0x0000000008007d94                f_mount
 .text.f_open   0x0000000008007e20      0x590 ./Middlewares/Third_Party/FatFs/src/ff.o
                0x0000000008007e20                f_open
 .text.f_write  0x00000000080083b0      0x328 ./Middlewares/Third_Party/FatFs/src/ff.o
                0x00000000080083b0                f_write
 .text.f_sync   0x00000000080086d8       0xfc ./Middlewares/Third_Party/FatFs/src/ff.o
                0x00000000080086d8                f_sync
 .text.f_close  0x00000000080087d4       0x54 ./Middlewares/Third_Party/FatFs/src/ff.o
                0x00000000080087d4                f_close
 .text.FATFS_LinkDriverEx
                0x0000000008008828       0x98 ./Middlewares/Third_Party/FatFs/src/ff_gen_drv.o
                0x0000000008008828                FATFS_LinkDriverEx
 .text.FATFS_LinkDriver
                0x00000000080088c0       0x1e ./Middlewares/Third_Party/FatFs/src/ff_gen_drv.o
                0x00000000080088c0                FATFS_LinkDriver
 *fill*         0x00000000080088de        0x2 
 .text.FATFS_UnLinkDriverEx
                0x00000000080088e0       0x70 ./Middlewares/Third_Party/FatFs/src/ff_gen_drv.o
                0x00000000080088e0                FATFS_UnLinkDriverEx
 .text.FATFS_UnLinkDriver
                0x0000000008008950       0x1a ./Middlewares/Third_Party/FatFs/src/ff_gen_drv.o
                0x0000000008008950                FATFS_UnLinkDriver
 *fill*         0x000000000800896a        0x2 
 .text.ff_convert
                0x000000000800896c       0x78 ./Middlewares/Third_Party/FatFs/src/option/ccsbcs.o
                0x000000000800896c                ff_convert
 .text.ff_wtoupper
                0x00000000080089e4      0x114 ./Middlewares/Third_Party/FatFs/src/option/ccsbcs.o
                0x00000000080089e4                ff_wtoupper
 .text.__libc_init_array
                0x0000000008008af8       0x48 c:/st/stm32cubeide_1.10.1/stm32cubeide/plugins/com.st.stm32cube.ide.mcu.externaltools.gnu-tools-for-stm32.10.3-2021.10.win32_1.0.0.202111181127/tools/bin/../lib/gcc/arm-none-eabi/10.3.1/../../../../arm-none-eabi/lib/thumb/v7e-m+fp/hard\libc_nano.a(lib_a-init.o)
                0x0000000008008af8                __libc_init_array
 .text.memset   0x0000000008008b40       0x10 c:/st/stm32cubeide_1.10.1/stm32cubeide/plugins/com.st.stm32cube.ide.mcu.externaltools.gnu-tools-for-stm32.10.3-2021.10.win32_1.0.0.202111181127/tools/bin/../lib/gcc/arm-none-eabi/10.3.1/../../../../arm-none-eabi/lib/thumb/v7e-m+fp/hard\libc_nano.a(lib_a-memset.o)
                0x0000000008008b40                memset
 *(.glue_7)
 .glue_7        0x0000000008008b50        0x0 linker stubs
 *(.glue_7t)
 .glue_7t       0x0000000008008b50        0x0 linker stubs
 *(.eh_frame)
 .eh_frame      0x0000000008008b50        0x0 c:/st/stm32cubeide_1.10.1/stm32cubeide/plugins/com.st.stm32cube.ide.mcu.externaltools.gnu-tools-for-stm32.10.3-2021.10.win32_1.0.0.202111181127/tools/bin/../lib/gcc/arm-none-eabi/10.3.1/thumb/v7e-m+fp/hard/crtbegin.o
 *(.init)
 .init          0x0000000008008b50        0x4 c:/st/stm32cubeide_1.10.1/stm32cubeide/plugins/com.st.stm32cube.ide.mcu.externaltools.gnu-tools-for-stm32.10.3-2021.10.win32_1.0.0.202111181127/tools/bin/../lib/gcc/arm-none-eabi/10.3.1/thumb/v7e-m+fp/hard/crti.o
                0x0000000008008b50                _init
 .init          0x0000000008008b54        0x8 c:/st/stm32cubeide_1.10.1/stm32cubeide/plugins/com.st.stm32cube.ide.mcu.externaltools.gnu-tools-for-stm32.10.3-2021.10.win32_1.0.0.202111181127/tools/bin/../lib/gcc/arm-none-eabi/10.3.1/thumb/v7e-m+fp/hard/crtn.o
 *(.fini)
 .fini          0x0000000008008b5c        0x4 c:/st/stm32cubeide_1.10.1/stm32cubeide/plugins/com.st.stm32cube.ide.mcu.externaltools.gnu-tools-for-stm32.10.3-2021.10.win32_1.0.0.202111181127/tools/bin/../lib/gcc/arm-none-eabi/10.3.1/thumb/v7e-m+fp/hard/crti.o
                0x0000000008008b5c                _fini
 .fini          0x0000000008008b60        0x8 c:/st/stm32cubeide_1.10.1/stm32cubeide/plugins/com.st.stm32cube.ide.mcu.externaltools.gnu-tools-for-stm32.10.3-2021.10.win32_1.0.0.202111181127/tools/bin/../lib/gcc/arm-none-eabi/10.3.1/thumb/v7e-m+fp/hard/crtn.o
                0x0000000008008b68                . = ALIGN (0x4)
                0x0000000008008b68                _etext = .

.vfp11_veneer   0x0000000008008b68        0x0
 .vfp11_veneer  0x0000000008008b68        0x0 linker stubs

.v4_bx          0x0000000008008b68        0x0
 .v4_bx         0x0000000008008b68        0x0 linker stubs

.iplt           0x0000000008008b68        0x0
 .iplt          0x0000000008008b68        0x0 c:/st/stm32cubeide_1.10.1/stm32cubeide/plugins/com.st.stm32cube.ide.mcu.externaltools.gnu-tools-for-stm32.10.3-2021.10.win32_1.0.0.202111181127/tools/bin/../lib/gcc/arm-none-eabi/10.3.1/thumb/v7e-m+fp/hard/crtbegin.o

.rodata         0x0000000008008b68      0x9b8
                0x0000000008008b68                . = ALIGN (0x4)
 *(.rodata)
 .rodata        0x0000000008008b68      0x4fb ./Core/Src/errorstringifyFRresult.o
 *fill*         0x0000000008009063        0x1 
 .rodata        0x0000000008009064       0x48 ./Middlewares/Third_Party/FatFs/src/ff.o
 *(.rodata*)
 .rodata.AHBPrescTable
                0x00000000080090ac       0x10 ./Core/Src/system_stm32f4xx.o
                0x00000000080090ac                AHBPrescTable
 .rodata.APBPrescTable
                0x00000000080090bc        0x8 ./Core/Src/system_stm32f4xx.o
                0x00000000080090bc                APBPrescTable
 .rodata.flagBitshiftOffset.0
                0x00000000080090c4        0x8 ./Drivers/STM32F4xx_HAL_Driver/Src/stm32f4xx_hal_dma.o
 .rodata.SD_Driver
                0x00000000080090cc       0x14 ./FATFS/Target/sd_diskio.o
                0x00000000080090cc                SD_Driver
 .rodata.ExCvt  0x00000000080090e0       0x80 ./Middlewares/Third_Party/FatFs/src/ff.o
 .rodata.LfnOfs
                0x0000000008009160        0xd ./Middlewares/Third_Party/FatFs/src/ff.o
 *fill*         0x000000000800916d        0x3 
 .rodata.Tbl    0x0000000008009170      0x100 ./Middlewares/Third_Party/FatFs/src/option/ccsbcs.o
 .rodata.cvt1.1
                0x0000000008009270      0x1f2 ./Middlewares/Third_Party/FatFs/src/option/ccsbcs.o
 *fill*         0x0000000008009462        0x2 
 .rodata.cvt2.0
                0x0000000008009464       0xbc ./Middlewares/Third_Party/FatFs/src/option/ccsbcs.o
                0x0000000008009520                . = ALIGN (0x4)

.ARM.extab      0x0000000008009520        0x0
                0x0000000008009520                . = ALIGN (0x4)
 *(.ARM.extab* .gnu.linkonce.armextab.*)
                0x0000000008009520                . = ALIGN (0x4)

.ARM            0x0000000008009520        0x8
                0x0000000008009520                . = ALIGN (0x4)
                0x0000000008009520                __exidx_start = .
 *(.ARM.exidx*)
 .ARM.exidx     0x0000000008009520        0x8 c:/st/stm32cubeide_1.10.1/stm32cubeide/plugins/com.st.stm32cube.ide.mcu.externaltools.gnu-tools-for-stm32.10.3-2021.10.win32_1.0.0.202111181127/tools/bin/../lib/gcc/arm-none-eabi/10.3.1/thumb/v7e-m+fp/hard\libgcc.a(_udivmoddi4.o)
                0x0000000008009528                __exidx_end = .
                0x0000000008009528                . = ALIGN (0x4)

.rel.dyn        0x0000000008009528        0x0
 .rel.iplt      0x0000000008009528        0x0 c:/st/stm32cubeide_1.10.1/stm32cubeide/plugins/com.st.stm32cube.ide.mcu.externaltools.gnu-tools-for-stm32.10.3-2021.10.win32_1.0.0.202111181127/tools/bin/../lib/gcc/arm-none-eabi/10.3.1/thumb/v7e-m+fp/hard/crtbegin.o

.preinit_array  0x0000000008009528        0x0
                0x0000000008009528                . = ALIGN (0x4)
                0x0000000008009528                PROVIDE (__preinit_array_start = .)
 *(.preinit_array*)
                0x0000000008009528                PROVIDE (__preinit_array_end = .)
                0x0000000008009528                . = ALIGN (0x4)

.init_array     0x0000000008009528        0x4
                0x0000000008009528                . = ALIGN (0x4)
                0x0000000008009528                PROVIDE (__init_array_start = .)
 *(SORT_BY_NAME(.init_array.*))
 *(.init_array*)
 .init_array    0x0000000008009528        0x4 c:/st/stm32cubeide_1.10.1/stm32cubeide/plugins/com.st.stm32cube.ide.mcu.externaltools.gnu-tools-for-stm32.10.3-2021.10.win32_1.0.0.202111181127/tools/bin/../lib/gcc/arm-none-eabi/10.3.1/thumb/v7e-m+fp/hard/crtbegin.o
                0x000000000800952c                PROVIDE (__init_array_end = .)
                0x000000000800952c                . = ALIGN (0x4)

.fini_array     0x000000000800952c        0x4
                0x000000000800952c                . = ALIGN (0x4)
                [!provide]                        PROVIDE (__fini_array_start = .)
 *(SORT_BY_NAME(.fini_array.*))
 *(.fini_array*)
 .fini_array    0x000000000800952c        0x4 c:/st/stm32cubeide_1.10.1/stm32cubeide/plugins/com.st.stm32cube.ide.mcu.externaltools.gnu-tools-for-stm32.10.3-2021.10.win32_1.0.0.202111181127/tools/bin/../lib/gcc/arm-none-eabi/10.3.1/thumb/v7e-m+fp/hard/crtbegin.o
                [!provide]                        PROVIDE (__fini_array_end = .)
                0x0000000008009530                . = ALIGN (0x4)
                0x0000000008009530                _sidata = LOADADDR (.data)

.data           0x0000000020000000       0x30 load address 0x0000000008009530
                0x0000000020000000                . = ALIGN (0x4)
                0x0000000020000000                _sdata = .
 *(.data)
 *(.data*)
 .data.log_path
                0x0000000020000000        0xa ./Core/Src/main.o
                0x0000000020000000                log_path
 *fill*         0x000000002000000a        0x2 
 .data.msg      0x000000002000000c       0x18 ./Core/Src/main.o
                0x000000002000000c                msg
 .data.SystemCoreClock
                0x0000000020000024        0x4 ./Core/Src/system_stm32f4xx.o
                0x0000000020000024                SystemCoreClock
 .data.uwTickPrio
                0x0000000020000028        0x4 ./Drivers/STM32F4xx_HAL_Driver/Src/stm32f4xx_hal.o
                0x0000000020000028                uwTickPrio
 .data.uwTickFreq
                0x000000002000002c        0x1 ./Drivers/STM32F4xx_HAL_Driver/Src/stm32f4xx_hal.o
                0x000000002000002c                uwTickFreq
 .data.Stat     0x000000002000002d        0x1 ./FATFS/Target/sd_diskio.o
 *(.RamFunc)
 *(.RamFunc*)
                0x0000000020000030                . = ALIGN (0x4)
 *fill*         0x000000002000002e        0x2 
                0x0000000020000030                _edata = .
                0x0000000008009560                _siccmram = LOADADDR (.ccmram)

.igot.plt       0x0000000020000030        0x0 load address 0x0000000008009560
 .igot.plt      0x0000000020000030        0x0 c:/st/stm32cubeide_1.10.1/stm32cubeide/plugins/com.st.stm32cube.ide.mcu.externaltools.gnu-tools-for-stm32.10.3-2021.10.win32_1.0.0.202111181127/tools/bin/../lib/gcc/arm-none-eabi/10.3.1/thumb/v7e-m+fp/hard/crtbegin.o

.ccmram         0x0000000010000000        0x0 load address 0x0000000008009560
                0x0000000010000000                . = ALIGN (0x4)
                0x0000000010000000                _sccmram = .
 *(.ccmram)
 *(.ccmram*)
                0x0000000010000000                . = ALIGN (0x4)
                0x0000000010000000                _eccmram = .
                0x0000000010000000                . = ALIGN (0x4)

.bss            0x0000000020000030      0x238
                0x0000000020000030                _sbss = .
                0x0000000020000030                __bss_start__ = _sbss
 *(.bss)
 .bss           0x0000000020000030       0x1c c:/st/stm32cubeide_1.10.1/stm32cubeide/plugins/com.st.stm32cube.ide.mcu.externaltools.gnu-tools-for-stm32.10.3-2021.10.win32_1.0.0.202111181127/tools/bin/../lib/gcc/arm-none-eabi/10.3.1/thumb/v7e-m+fp/hard/crtbegin.o
 *(.bss*)
 .bss.hadc1     0x000000002000004c       0x48 ./Core/Src/adc.o
                0x000000002000004c                hadc1
 .bss.fres      0x0000000020000094        0x1 ./Core/Src/main.o
                0x0000000020000094                fres
 *fill*         0x0000000020000095        0x3 
 .bss.hsd       0x0000000020000098       0x84 ./Core/Src/sdio.o
                0x0000000020000098                hsd
 .bss.hdma_sdio_rx
                0x000000002000011c       0x60 ./Core/Src/sdio.o
                0x000000002000011c                hdma_sdio_rx
 .bss.hdma_sdio_tx
                0x000000002000017c       0x60 ./Core/Src/sdio.o
                0x000000002000017c                hdma_sdio_tx
 .bss.huart3    0x00000000200001dc       0x44 ./Core/Src/usart.o
                0x00000000200001dc                huart3
 .bss.uwTick    0x0000000020000220        0x4 ./Drivers/STM32F4xx_HAL_Driver/Src/stm32f4xx_hal.o
                0x0000000020000220                uwTick
 .bss.retSD     0x0000000020000224        0x1 ./FATFS/App/fatfs.o
                0x0000000020000224                retSD
 *fill*         0x0000000020000225        0x3 
 .bss.SDPath    0x0000000020000228        0x4 ./FATFS/App/fatfs.o
                0x0000000020000228                SDPath
 .bss.WriteStatus
                0x000000002000022c        0x4 ./FATFS/Target/sd_diskio.o
 .bss.ReadStatus
                0x0000000020000230        0x4 ./FATFS/Target/sd_diskio.o
 .bss.FatFs     0x0000000020000234        0x4 ./Middlewares/Third_Party/FatFs/src/ff.o
 .bss.Fsid      0x0000000020000238        0x2 ./Middlewares/Third_Party/FatFs/src/ff.o
 *fill*         0x000000002000023a        0x2 
 .bss.Files     0x000000002000023c       0x20 ./Middlewares/Third_Party/FatFs/src/ff.o
 .bss.disk      0x000000002000025c        0xc ./Middlewares/Third_Party/FatFs/src/ff_gen_drv.o
                0x000000002000025c                disk
 *(COMMON)
                0x0000000020000268                . = ALIGN (0x4)
                0x0000000020000268                _ebss = .
                0x0000000020000268                __bss_end__ = _ebss

._user_heap_stack
                0x0000000020000268     0x6000
                0x0000000020000268                . = ALIGN (0x8)
                [!provide]                        PROVIDE (end = .)
                0x0000000020000268                PROVIDE (_end = .)
                0x0000000020002268                . = (. + _Min_Heap_Size)
 *fill*         0x0000000020000268     0x2000 
                0x0000000020006268                . = (. + _Min_Stack_Size)
 *fill*         0x0000000020002268     0x4000 
                0x0000000020006268                . = ALIGN (0x8)

/DISCARD/
 libc.a(*)
 libm.a(*)
 libgcc.a(*)

.ARM.attributes
                0x0000000000000000       0x30
 *(.ARM.attributes)
 .ARM.attributes
                0x0000000000000000       0x1e c:/st/stm32cubeide_1.10.1/stm32cubeide/plugins/com.st.stm32cube.ide.mcu.externaltools.gnu-tools-for-stm32.10.3-2021.10.win32_1.0.0.202111181127/tools/bin/../lib/gcc/arm-none-eabi/10.3.1/thumb/v7e-m+fp/hard/crti.o
 .ARM.attributes
                0x000000000000001e       0x34 c:/st/stm32cubeide_1.10.1/stm32cubeide/plugins/com.st.stm32cube.ide.mcu.externaltools.gnu-tools-for-stm32.10.3-2021.10.win32_1.0.0.202111181127/tools/bin/../lib/gcc/arm-none-eabi/10.3.1/thumb/v7e-m+fp/hard/crtbegin.o
 .ARM.attributes
                0x0000000000000052       0x34 ./Core/Src/adc.o
 .ARM.attributes
                0x0000000000000086       0x34 ./Core/Src/dma.o
 .ARM.attributes
                0x00000000000000ba       0x34 ./Core/Src/errorstringifyFRresult.o
 .ARM.attributes
                0x00000000000000ee       0x34 ./Core/Src/gpio.o
 .ARM.attributes
                0x0000000000000122       0x34 ./Core/Src/main.o
 .ARM.attributes
                0x0000000000000156       0x34 ./Core/Src/sdTESTS.o
 .ARM.attributes
                0x000000000000018a       0x34 ./Core/Src/sdio.o
 .ARM.attributes
                0x00000000000001be       0x34 ./Core/Src/stm32f4xx_hal_msp.o
 .ARM.attributes
                0x00000000000001f2       0x34 ./Core/Src/stm32f4xx_it.o
 .ARM.attributes
                0x0000000000000226       0x34 ./Core/Src/system_stm32f4xx.o
 .ARM.attributes
                0x000000000000025a       0x34 ./Core/Src/usart.o
 .ARM.attributes
                0x000000000000028e       0x21 ./Core/Startup/startup_stm32f405rgtx.o
 .ARM.attributes
                0x00000000000002af       0x34 ./Drivers/STM32F4xx_HAL_Driver/Src/stm32f4xx_hal.o
 .ARM.attributes
                0x00000000000002e3       0x34 ./Drivers/STM32F4xx_HAL_Driver/Src/stm32f4xx_hal_adc.o
 .ARM.attributes
                0x0000000000000317       0x34 ./Drivers/STM32F4xx_HAL_Driver/Src/stm32f4xx_hal_cortex.o
 .ARM.attributes
                0x000000000000034b       0x34 ./Drivers/STM32F4xx_HAL_Driver/Src/stm32f4xx_hal_dma.o
 .ARM.attributes
                0x000000000000037f       0x34 ./Drivers/STM32F4xx_HAL_Driver/Src/stm32f4xx_hal_gpio.o
 .ARM.attributes
                0x00000000000003b3       0x34 ./Drivers/STM32F4xx_HAL_Driver/Src/stm32f4xx_hal_rcc.o
 .ARM.attributes
                0x00000000000003e7       0x34 ./Drivers/STM32F4xx_HAL_Driver/Src/stm32f4xx_hal_sd.o
 .ARM.attributes
                0x000000000000041b       0x34 ./Drivers/STM32F4xx_HAL_Driver/Src/stm32f4xx_hal_uart.o
 .ARM.attributes
                0x000000000000044f       0x34 ./Drivers/STM32F4xx_HAL_Driver/Src/stm32f4xx_ll_sdmmc.o
 .ARM.attributes
                0x0000000000000483       0x34 ./FATFS/App/fatfs.o
 .ARM.attributes
                0x00000000000004b7       0x34 ./FATFS/Target/bsp_driver_sd.o
 .ARM.attributes
                0x00000000000004eb       0x34 ./FATFS/Target/fatfs_platform.o
 .ARM.attributes
                0x000000000000051f       0x34 ./FATFS/Target/sd_diskio.o
 .ARM.attributes
                0x0000000000000553       0x34 ./Middlewares/Third_Party/FatFs/src/diskio.o
 .ARM.attributes
                0x0000000000000587       0x34 ./Middlewares/Third_Party/FatFs/src/ff.o
 .ARM.attributes
                0x00000000000005bb       0x34 ./Middlewares/Third_Party/FatFs/src/ff_gen_drv.o
 .ARM.attributes
                0x00000000000005ef       0x34 ./Middlewares/Third_Party/FatFs/src/option/ccsbcs.o
 .ARM.attributes
                0x0000000000000623       0x34 c:/st/stm32cubeide_1.10.1/stm32cubeide/plugins/com.st.stm32cube.ide.mcu.externaltools.gnu-tools-for-stm32.10.3-2021.10.win32_1.0.0.202111181127/tools/bin/../lib/gcc/arm-none-eabi/10.3.1/../../../../arm-none-eabi/lib/thumb/v7e-m+fp/hard\libc_nano.a(lib_a-init.o)
 .ARM.attributes
                0x0000000000000657       0x34 c:/st/stm32cubeide_1.10.1/stm32cubeide/plugins/com.st.stm32cube.ide.mcu.externaltools.gnu-tools-for-stm32.10.3-2021.10.win32_1.0.0.202111181127/tools/bin/../lib/gcc/arm-none-eabi/10.3.1/../../../../arm-none-eabi/lib/thumb/v7e-m+fp/hard\libc_nano.a(lib_a-memset.o)
 .ARM.attributes
                0x000000000000068b       0x1e c:/st/stm32cubeide_1.10.1/stm32cubeide/plugins/com.st.stm32cube.ide.mcu.externaltools.gnu-tools-for-stm32.10.3-2021.10.win32_1.0.0.202111181127/tools/bin/../lib/gcc/arm-none-eabi/10.3.1/thumb/v7e-m+fp/hard\libgcc.a(_aeabi_uldivmod.o)
 .ARM.attributes
                0x00000000000006a9       0x34 c:/st/stm32cubeide_1.10.1/stm32cubeide/plugins/com.st.stm32cube.ide.mcu.externaltools.gnu-tools-for-stm32.10.3-2021.10.win32_1.0.0.202111181127/tools/bin/../lib/gcc/arm-none-eabi/10.3.1/thumb/v7e-m+fp/hard\libgcc.a(_udivmoddi4.o)
 .ARM.attributes
                0x00000000000006dd       0x1e c:/st/stm32cubeide_1.10.1/stm32cubeide/plugins/com.st.stm32cube.ide.mcu.externaltools.gnu-tools-for-stm32.10.3-2021.10.win32_1.0.0.202111181127/tools/bin/../lib/gcc/arm-none-eabi/10.3.1/thumb/v7e-m+fp/hard\libgcc.a(_dvmd_tls.o)
 .ARM.attributes
                0x00000000000006fb       0x1e c:/st/stm32cubeide_1.10.1/stm32cubeide/plugins/com.st.stm32cube.ide.mcu.externaltools.gnu-tools-for-stm32.10.3-2021.10.win32_1.0.0.202111181127/tools/bin/../lib/gcc/arm-none-eabi/10.3.1/thumb/v7e-m+fp/hard/crtn.o
OUTPUT(featherSDcardTests.elf elf32-littlearm)
LOAD linker stubs
LOAD c:/st/stm32cubeide_1.10.1/stm32cubeide/plugins/com.st.stm32cube.ide.mcu.externaltools.gnu-tools-for-stm32.10.3-2021.10.win32_1.0.0.202111181127/tools/bin/../lib/gcc/arm-none-eabi/10.3.1/../../../../arm-none-eabi/lib/thumb/v7e-m+fp/hard\libc.a
LOAD c:/st/stm32cubeide_1.10.1/stm32cubeide/plugins/com.st.stm32cube.ide.mcu.externaltools.gnu-tools-for-stm32.10.3-2021.10.win32_1.0.0.202111181127/tools/bin/../lib/gcc/arm-none-eabi/10.3.1/../../../../arm-none-eabi/lib/thumb/v7e-m+fp/hard\libm.a
LOAD c:/st/stm32cubeide_1.10.1/stm32cubeide/plugins/com.st.stm32cube.ide.mcu.externaltools.gnu-tools-for-stm32.10.3-2021.10.win32_1.0.0.202111181127/tools/bin/../lib/gcc/arm-none-eabi/10.3.1/thumb/v7e-m+fp/hard\libgcc.a

.debug_info     0x0000000000000000    0x13885
 .debug_info    0x0000000000000000      0xa29 ./Core/Src/adc.o
 .debug_info    0x0000000000000a29      0x4da ./Core/Src/dma.o
 .debug_info    0x0000000000000f03      0x6bd ./Core/Src/errorstringifyFRresult.o
 .debug_info    0x00000000000015c0      0x48e ./Core/Src/gpio.o
 .debug_info    0x0000000000001a4e      0x6a5 ./Core/Src/main.o
 .debug_info    0x00000000000020f3      0x6a4 ./Core/Src/sdTESTS.o
 .debug_info    0x0000000000002797      0xd83 ./Core/Src/sdio.o
 .debug_info    0x000000000000351a      0x2a8 ./Core/Src/stm32f4xx_hal_msp.o
 .debug_info    0x00000000000037c2      0x7d5 ./Core/Src/stm32f4xx_it.o
 .debug_info    0x0000000000003f97      0x523 ./Core/Src/system_stm32f4xx.o
 .debug_info    0x00000000000044ba      0x9a0 ./Core/Src/usart.o
 .debug_info    0x0000000000004e5a       0x22 ./Core/Startup/startup_stm32f405rgtx.o
 .debug_info    0x0000000000004e7c      0x96a ./Drivers/STM32F4xx_HAL_Driver/Src/stm32f4xx_hal.o
 .debug_info    0x00000000000057e6      0xd70 ./Drivers/STM32F4xx_HAL_Driver/Src/stm32f4xx_hal_adc.o
 .debug_info    0x0000000000006556      0xe09 ./Drivers/STM32F4xx_HAL_Driver/Src/stm32f4xx_hal_cortex.o
 .debug_info    0x000000000000735f      0x94f ./Drivers/STM32F4xx_HAL_Driver/Src/stm32f4xx_hal_dma.o
 .debug_info    0x0000000000007cae      0x76a ./Drivers/STM32F4xx_HAL_Driver/Src/stm32f4xx_hal_gpio.o
 .debug_info    0x0000000000008418      0x966 ./Drivers/STM32F4xx_HAL_Driver/Src/stm32f4xx_hal_rcc.o
 .debug_info    0x0000000000008d7e     0x1d34 ./Drivers/STM32F4xx_HAL_Driver/Src/stm32f4xx_hal_sd.o
 .debug_info    0x000000000000aab2     0x31bc ./Drivers/STM32F4xx_HAL_Driver/Src/stm32f4xx_hal_uart.o
 .debug_info    0x000000000000dc6e     0x11dd ./Drivers/STM32F4xx_HAL_Driver/Src/stm32f4xx_ll_sdmmc.o
 .debug_info    0x000000000000ee4b      0x526 ./FATFS/App/fatfs.o
 .debug_info    0x000000000000f371      0xb61 ./FATFS/Target/bsp_driver_sd.o
 .debug_info    0x000000000000fed2      0x1dd ./FATFS/Target/fatfs_platform.o
 .debug_info    0x00000000000100af      0x59e ./FATFS/Target/sd_diskio.o
 .debug_info    0x000000000001064d      0x412 ./Middlewares/Third_Party/FatFs/src/diskio.o
 .debug_info    0x0000000000010a5f     0x28b7 ./Middlewares/Third_Party/FatFs/src/ff.o
 .debug_info    0x0000000000013316      0x3a9 ./Middlewares/Third_Party/FatFs/src/ff_gen_drv.o
 .debug_info    0x00000000000136bf      0x1c6 ./Middlewares/Third_Party/FatFs/src/option/ccsbcs.o

.debug_abbrev   0x0000000000000000     0x33e9
 .debug_abbrev  0x0000000000000000      0x1e0 ./Core/Src/adc.o
 .debug_abbrev  0x00000000000001e0      0x10a ./Core/Src/dma.o
 .debug_abbrev  0x00000000000002ea      0x161 ./Core/Src/errorstringifyFRresult.o
 .debug_abbrev  0x000000000000044b      0x146 ./Core/Src/gpio.o
 .debug_abbrev  0x0000000000000591      0x21e ./Core/Src/main.o
 .debug_abbrev  0x00000000000007af      0x1a6 ./Core/Src/sdTESTS.o
 .debug_abbrev  0x0000000000000955      0x218 ./Core/Src/sdio.o
 .debug_abbrev  0x0000000000000b6d       0xd4 ./Core/Src/stm32f4xx_hal_msp.o
 .debug_abbrev  0x0000000000000c41      0x19c ./Core/Src/stm32f4xx_it.o
 .debug_abbrev  0x0000000000000ddd      0x116 ./Core/Src/system_stm32f4xx.o
 .debug_abbrev  0x0000000000000ef3      0x1e7 ./Core/Src/usart.o
 .debug_abbrev  0x00000000000010da       0x12 ./Core/Startup/startup_stm32f405rgtx.o
 .debug_abbrev  0x00000000000010ec      0x20d ./Drivers/STM32F4xx_HAL_Driver/Src/stm32f4xx_hal.o
 .debug_abbrev  0x00000000000012f9      0x244 ./Drivers/STM32F4xx_HAL_Driver/Src/stm32f4xx_hal_adc.o
 .debug_abbrev  0x000000000000153d      0x316 ./Drivers/STM32F4xx_HAL_Driver/Src/stm32f4xx_hal_cortex.o
 .debug_abbrev  0x0000000000001853      0x25b ./Drivers/STM32F4xx_HAL_Driver/Src/stm32f4xx_hal_dma.o
 .debug_abbrev  0x0000000000001aae      0x1c4 ./Drivers/STM32F4xx_HAL_Driver/Src/stm32f4xx_hal_gpio.o
 .debug_abbrev  0x0000000000001c72      0x2aa ./Drivers/STM32F4xx_HAL_Driver/Src/stm32f4xx_hal_rcc.o
 .debug_abbrev  0x0000000000001f1c      0x288 ./Drivers/STM32F4xx_HAL_Driver/Src/stm32f4xx_hal_sd.o
 .debug_abbrev  0x00000000000021a4      0x2f4 ./Drivers/STM32F4xx_HAL_Driver/Src/stm32f4xx_hal_uart.o
 .debug_abbrev  0x0000000000002498      0x1ce ./Drivers/STM32F4xx_HAL_Driver/Src/stm32f4xx_ll_sdmmc.o
 .debug_abbrev  0x0000000000002666      0x15a ./FATFS/App/fatfs.o
 .debug_abbrev  0x00000000000027c0      0x2aa ./FATFS/Target/bsp_driver_sd.o
 .debug_abbrev  0x0000000000002a6a      0x105 ./FATFS/Target/fatfs_platform.o
 .debug_abbrev  0x0000000000002b6f      0x21f ./FATFS/Target/sd_diskio.o
 .debug_abbrev  0x0000000000002d8e      0x178 ./Middlewares/Third_Party/FatFs/src/diskio.o
 .debug_abbrev  0x0000000000002f06      0x271 ./Middlewares/Third_Party/FatFs/src/ff.o
 .debug_abbrev  0x0000000000003177      0x196 ./Middlewares/Third_Party/FatFs/src/ff_gen_drv.o
 .debug_abbrev  0x000000000000330d       0xdc ./Middlewares/Third_Party/FatFs/src/option/ccsbcs.o

.debug_aranges  0x0000000000000000      0xfa0
 .debug_aranges
                0x0000000000000000       0x30 ./Core/Src/adc.o
 .debug_aranges
                0x0000000000000030       0x20 ./Core/Src/dma.o
 .debug_aranges
                0x0000000000000050       0x20 ./Core/Src/errorstringifyFRresult.o
 .debug_aranges
                0x0000000000000070       0x20 ./Core/Src/gpio.o
 .debug_aranges
                0x0000000000000090       0x30 ./Core/Src/main.o
 .debug_aranges
                0x00000000000000c0       0x20 ./Core/Src/sdTESTS.o
 .debug_aranges
                0x00000000000000e0       0x30 ./Core/Src/sdio.o
 .debug_aranges
                0x0000000000000110       0x20 ./Core/Src/stm32f4xx_hal_msp.o
 .debug_aranges
                0x0000000000000130       0x78 ./Core/Src/stm32f4xx_it.o
 .debug_aranges
                0x00000000000001a8       0x28 ./Core/Src/system_stm32f4xx.o
 .debug_aranges
                0x00000000000001d0       0x30 ./Core/Src/usart.o
 .debug_aranges
                0x0000000000000200       0x28 ./Core/Startup/startup_stm32f405rgtx.o
 .debug_aranges
                0x0000000000000228       0xf0 ./Drivers/STM32F4xx_HAL_Driver/Src/stm32f4xx_hal.o
 .debug_aranges
                0x0000000000000318       0xe8 ./Drivers/STM32F4xx_HAL_Driver/Src/stm32f4xx_hal_adc.o
 .debug_aranges
                0x0000000000000400      0x118 ./Drivers/STM32F4xx_HAL_Driver/Src/stm32f4xx_hal_cortex.o
 .debug_aranges
                0x0000000000000518       0x90 ./Drivers/STM32F4xx_HAL_Driver/Src/stm32f4xx_hal_dma.o
 .debug_aranges
                0x00000000000005a8       0x58 ./Drivers/STM32F4xx_HAL_Driver/Src/stm32f4xx_hal_gpio.o
 .debug_aranges
                0x0000000000000600       0x88 ./Drivers/STM32F4xx_HAL_Driver/Src/stm32f4xx_hal_rcc.o
 .debug_aranges
                0x0000000000000688      0x168 ./Drivers/STM32F4xx_HAL_Driver/Src/stm32f4xx_hal_sd.o
 .debug_aranges
                0x00000000000007f0      0x200 ./Drivers/STM32F4xx_HAL_Driver/Src/stm32f4xx_hal_uart.o
 .debug_aranges
                0x00000000000009f0      0x188 ./Drivers/STM32F4xx_HAL_Driver/Src/stm32f4xx_ll_sdmmc.o
 .debug_aranges
                0x0000000000000b78       0x28 ./FATFS/App/fatfs.o
 .debug_aranges
                0x0000000000000ba0       0xa0 ./FATFS/Target/bsp_driver_sd.o
 .debug_aranges
                0x0000000000000c40       0x20 ./FATFS/Target/fatfs_platform.o
 .debug_aranges
                0x0000000000000c60       0x60 ./FATFS/Target/sd_diskio.o
 .debug_aranges
                0x0000000000000cc0       0x48 ./Middlewares/Third_Party/FatFs/src/diskio.o
 .debug_aranges
                0x0000000000000d08      0x230 ./Middlewares/Third_Party/FatFs/src/ff.o
 .debug_aranges
                0x0000000000000f38       0x40 ./Middlewares/Third_Party/FatFs/src/ff_gen_drv.o
 .debug_aranges
                0x0000000000000f78       0x28 ./Middlewares/Third_Party/FatFs/src/option/ccsbcs.o

.debug_ranges   0x0000000000000000      0xe08
 .debug_ranges  0x0000000000000000       0x20 ./Core/Src/adc.o
 .debug_ranges  0x0000000000000020       0x10 ./Core/Src/dma.o
 .debug_ranges  0x0000000000000030       0x10 ./Core/Src/errorstringifyFRresult.o
 .debug_ranges  0x0000000000000040       0x10 ./Core/Src/gpio.o
 .debug_ranges  0x0000000000000050       0x20 ./Core/Src/main.o
 .debug_ranges  0x0000000000000070       0x10 ./Core/Src/sdTESTS.o
 .debug_ranges  0x0000000000000080       0x20 ./Core/Src/sdio.o
 .debug_ranges  0x00000000000000a0       0x10 ./Core/Src/stm32f4xx_hal_msp.o
 .debug_ranges  0x00000000000000b0       0x68 ./Core/Src/stm32f4xx_it.o
 .debug_ranges  0x0000000000000118       0x18 ./Core/Src/system_stm32f4xx.o
 .debug_ranges  0x0000000000000130       0x20 ./Core/Src/usart.o
 .debug_ranges  0x0000000000000150       0x20 ./Core/Startup/startup_stm32f405rgtx.o
 .debug_ranges  0x0000000000000170       0xe0 ./Drivers/STM32F4xx_HAL_Driver/Src/stm32f4xx_hal.o
 .debug_ranges  0x0000000000000250       0xd8 ./Drivers/STM32F4xx_HAL_Driver/Src/stm32f4xx_hal_adc.o
 .debug_ranges  0x0000000000000328      0x108 ./Drivers/STM32F4xx_HAL_Driver/Src/stm32f4xx_hal_cortex.o
 .debug_ranges  0x0000000000000430       0x80 ./Drivers/STM32F4xx_HAL_Driver/Src/stm32f4xx_hal_dma.o
 .debug_ranges  0x00000000000004b0       0x48 ./Drivers/STM32F4xx_HAL_Driver/Src/stm32f4xx_hal_gpio.o
 .debug_ranges  0x00000000000004f8       0x78 ./Drivers/STM32F4xx_HAL_Driver/Src/stm32f4xx_hal_rcc.o
 .debug_ranges  0x0000000000000570      0x158 ./Drivers/STM32F4xx_HAL_Driver/Src/stm32f4xx_hal_sd.o
 .debug_ranges  0x00000000000006c8      0x220 ./Drivers/STM32F4xx_HAL_Driver/Src/stm32f4xx_hal_uart.o
 .debug_ranges  0x00000000000008e8      0x178 ./Drivers/STM32F4xx_HAL_Driver/Src/stm32f4xx_ll_sdmmc.o
 .debug_ranges  0x0000000000000a60       0x18 ./FATFS/App/fatfs.o
 .debug_ranges  0x0000000000000a78       0x90 ./FATFS/Target/bsp_driver_sd.o
 .debug_ranges  0x0000000000000b08       0x10 ./FATFS/Target/fatfs_platform.o
 .debug_ranges  0x0000000000000b18       0x50 ./FATFS/Target/sd_diskio.o
 .debug_ranges  0x0000000000000b68       0x38 ./Middlewares/Third_Party/FatFs/src/diskio.o
 .debug_ranges  0x0000000000000ba0      0x220 ./Middlewares/Third_Party/FatFs/src/ff.o
 .debug_ranges  0x0000000000000dc0       0x30 ./Middlewares/Third_Party/FatFs/src/ff_gen_drv.o
 .debug_ranges  0x0000000000000df0       0x18 ./Middlewares/Third_Party/FatFs/src/option/ccsbcs.o

.debug_macro    0x0000000000000000    0x2347e
 .debug_macro   0x0000000000000000      0x214 ./Core/Src/adc.o
 .debug_macro   0x0000000000000214      0xa78 ./Core/Src/adc.o
 .debug_macro   0x0000000000000c8c      0x2a1 ./Core/Src/adc.o
 .debug_macro   0x0000000000000f2d       0x2e ./Core/Src/adc.o
 .debug_macro   0x0000000000000f5b       0x2f ./Core/Src/adc.o
 .debug_macro   0x0000000000000f8a       0x22 ./Core/Src/adc.o
 .debug_macro   0x0000000000000fac       0x8e ./Core/Src/adc.o
 .debug_macro   0x000000000000103a       0x51 ./Core/Src/adc.o
 .debug_macro   0x000000000000108b      0x103 ./Core/Src/adc.o
 .debug_macro   0x000000000000118e       0x6a ./Core/Src/adc.o
 .debug_macro   0x00000000000011f8      0x1df ./Core/Src/adc.o
 .debug_macro   0x00000000000013d7       0x1c ./Core/Src/adc.o
 .debug_macro   0x00000000000013f3       0x22 ./Core/Src/adc.o
 .debug_macro   0x0000000000001415       0xd9 ./Core/Src/adc.o
 .debug_macro   0x00000000000014ee     0x102d ./Core/Src/adc.o
 .debug_macro   0x000000000000251b      0x11f ./Core/Src/adc.o
 .debug_macro   0x000000000000263a    0x1426d ./Core/Src/adc.o
 .debug_macro   0x00000000000168a7       0x6d ./Core/Src/adc.o
 .debug_macro   0x0000000000016914     0x367e ./Core/Src/adc.o
 .debug_macro   0x0000000000019f92      0x174 ./Core/Src/adc.o
 .debug_macro   0x000000000001a106       0x5c ./Core/Src/adc.o
 .debug_macro   0x000000000001a162      0x8a7 ./Core/Src/adc.o
 .debug_macro   0x000000000001aa09      0x9fe ./Core/Src/adc.o
 .debug_macro   0x000000000001b407      0x115 ./Core/Src/adc.o
 .debug_macro   0x000000000001b51c      0x130 ./Core/Src/adc.o
 .debug_macro   0x000000000001b64c       0xa5 ./Core/Src/adc.o
 .debug_macro   0x000000000001b6f1      0x174 ./Core/Src/adc.o
 .debug_macro   0x000000000001b865      0x287 ./Core/Src/adc.o
 .debug_macro   0x000000000001baec       0x5f ./Core/Src/adc.o
 .debug_macro   0x000000000001bb4b      0x236 ./Core/Src/adc.o
 .debug_macro   0x000000000001bd81      0xb5b ./Core/Src/adc.o
 .debug_macro   0x000000000001c8dc      0x38b ./Core/Src/adc.o
 .debug_macro   0x000000000001cc67      0x176 ./Core/Src/adc.o
 .debug_macro   0x000000000001cddd       0xf9 ./Core/Src/adc.o
 .debug_macro   0x000000000001ced6      0x12c ./Core/Src/adc.o
 .debug_macro   0x000000000001d002      0x21e ./Core/Src/adc.o
 .debug_macro   0x000000000001d220       0x2e ./Core/Src/adc.o
 .debug_macro   0x000000000001d24e      0x11a ./Core/Src/adc.o
 .debug_macro   0x000000000001d368       0x7e ./Core/Src/adc.o
 .debug_macro   0x000000000001d3e6       0x89 ./Core/Src/adc.o
 .debug_macro   0x000000000001d46f      0x861 ./Core/Src/adc.o
 .debug_macro   0x000000000001dcd0      0x1d5 ./Core/Src/adc.o
 .debug_macro   0x000000000001dea5      0x295 ./Core/Src/adc.o
 .debug_macro   0x000000000001e13a      0x12d ./Core/Src/adc.o
 .debug_macro   0x000000000001e267       0x34 ./Core/Src/adc.o
 .debug_macro   0x000000000001e29b      0x214 ./Core/Src/dma.o
 .debug_macro   0x000000000001e4af      0x35f ./Core/Src/errorstringifyFRresult.o
 .debug_macro   0x000000000001e80e       0x1c ./Core/Src/errorstringifyFRresult.o
 .debug_macro   0x000000000001e82a       0x34 ./Core/Src/errorstringifyFRresult.o
 .debug_macro   0x000000000001e85e       0xe5 ./Core/Src/errorstringifyFRresult.o
 .debug_macro   0x000000000001e943       0x1e ./Core/Src/errorstringifyFRresult.o
 .debug_macro   0x000000000001e961       0x52 ./Core/Src/errorstringifyFRresult.o
 .debug_macro   0x000000000001e9b3       0x3c ./Core/Src/errorstringifyFRresult.o
 .debug_macro   0x000000000001e9ef       0x34 ./Core/Src/errorstringifyFRresult.o
 .debug_macro   0x000000000001ea23       0x16 ./Core/Src/errorstringifyFRresult.o
 .debug_macro   0x000000000001ea39       0x35 ./Core/Src/errorstringifyFRresult.o
 .debug_macro   0x000000000001ea6e       0x16 ./Core/Src/errorstringifyFRresult.o
 .debug_macro   0x000000000001ea84       0x43 ./Core/Src/errorstringifyFRresult.o
 .debug_macro   0x000000000001eac7       0x34 ./Core/Src/errorstringifyFRresult.o
 .debug_macro   0x000000000001eafb       0x10 ./Core/Src/errorstringifyFRresult.o
 .debug_macro   0x000000000001eb0b       0x58 ./Core/Src/errorstringifyFRresult.o
 .debug_macro   0x000000000001eb63       0x71 ./Core/Src/errorstringifyFRresult.o
 .debug_macro   0x000000000001ebd4       0x1c ./Core/Src/errorstringifyFRresult.o
 .debug_macro   0x000000000001ebf0      0x12a ./Core/Src/errorstringifyFRresult.o
 .debug_macro   0x000000000001ed1a      0x341 ./Core/Src/errorstringifyFRresult.o
 .debug_macro   0x000000000001f05b       0x16 ./Core/Src/errorstringifyFRresult.o
 .debug_macro   0x000000000001f071       0x29 ./Core/Src/errorstringifyFRresult.o
 .debug_macro   0x000000000001f09a       0x12 ./Core/Src/errorstringifyFRresult.o
 .debug_macro   0x000000000001f0ac       0xe2 ./Core/Src/errorstringifyFRresult.o
 .debug_macro   0x000000000001f18e       0x8e ./Core/Src/errorstringifyFRresult.o
 .debug_macro   0x000000000001f21c      0x214 ./Core/Src/gpio.o
 .debug_macro   0x000000000001f430      0x391 ./Core/Src/main.o
 .debug_macro   0x000000000001f7c1      0x351 ./Core/Src/sdTESTS.o
 .debug_macro   0x000000000001fb12      0x214 ./Core/Src/sdio.o
 .debug_macro   0x000000000001fd26      0x20a ./Core/Src/stm32f4xx_hal_msp.o
 .debug_macro   0x000000000001ff30      0x214 ./Core/Src/stm32f4xx_it.o
 .debug_macro   0x0000000000020144      0x1fb ./Core/Src/system_stm32f4xx.o
 .debug_macro   0x000000000002033f      0x214 ./Core/Src/usart.o
 .debug_macro   0x0000000000020553      0x25b ./Drivers/STM32F4xx_HAL_Driver/Src/stm32f4xx_hal.o
 .debug_macro   0x00000000000207ae      0x1fc ./Drivers/STM32F4xx_HAL_Driver/Src/stm32f4xx_hal_adc.o
 .debug_macro   0x00000000000209aa      0x1fb ./Drivers/STM32F4xx_HAL_Driver/Src/stm32f4xx_hal_cortex.o
 .debug_macro   0x0000000000020ba5      0x201 ./Drivers/STM32F4xx_HAL_Driver/Src/stm32f4xx_hal_dma.o
 .debug_macro   0x0000000000020da6      0x201 ./Drivers/STM32F4xx_HAL_Driver/Src/stm32f4xx_hal_gpio.o
 .debug_macro   0x0000000000020fa7      0x21f ./Drivers/STM32F4xx_HAL_Driver/Src/stm32f4xx_hal_rcc.o
 .debug_macro   0x00000000000211c6      0x1fc ./Drivers/STM32F4xx_HAL_Driver/Src/stm32f4xx_hal_sd.o
 .debug_macro   0x00000000000213c2      0x1fc ./Drivers/STM32F4xx_HAL_Driver/Src/stm32f4xx_hal_uart.o
 .debug_macro   0x00000000000215be      0x1fc ./Drivers/STM32F4xx_HAL_Driver/Src/stm32f4xx_ll_sdmmc.o
 .debug_macro   0x00000000000217ba      0x347 ./FATFS/App/fatfs.o
 .debug_macro   0x0000000000021b01      0x213 ./FATFS/Target/bsp_driver_sd.o
 .debug_macro   0x0000000000021d14      0x204 ./FATFS/Target/fatfs_platform.o
 .debug_macro   0x0000000000021f18      0x37a ./FATFS/Target/sd_diskio.o
 .debug_macro   0x0000000000022292       0x16 ./FATFS/Target/sd_diskio.o
 .debug_macro   0x00000000000222a8       0x7c ./FATFS/Target/sd_diskio.o
 .debug_macro   0x0000000000022324       0x16 ./FATFS/Target/sd_diskio.o
 .debug_macro   0x000000000002233a       0x20 ./FATFS/Target/sd_diskio.o
 .debug_macro   0x000000000002235a      0x334 ./Middlewares/Third_Party/FatFs/src/diskio.o
 .debug_macro   0x000000000002268e      0x742 ./Middlewares/Third_Party/FatFs/src/ff.o
 .debug_macro   0x0000000000022dd0       0x58 ./Middlewares/Third_Party/FatFs/src/ff.o
 .debug_macro   0x0000000000022e28      0x334 ./Middlewares/Third_Party/FatFs/src/ff_gen_drv.o
 .debug_macro   0x000000000002315c      0x322 ./Middlewares/Third_Party/FatFs/src/option/ccsbcs.o

.debug_line     0x0000000000000000    0x18033
 .debug_line    0x0000000000000000      0x77f ./Core/Src/adc.o
 .debug_line    0x000000000000077f      0x6fd ./Core/Src/dma.o
 .debug_line    0x0000000000000e7c      0x967 ./Core/Src/errorstringifyFRresult.o
 .debug_line    0x00000000000017e3      0x71a ./Core/Src/gpio.o
 .debug_line    0x0000000000001efd      0x9f7 ./Core/Src/main.o
 .debug_line    0x00000000000028f4      0x973 ./Core/Src/sdTESTS.o
 .debug_line    0x0000000000003267      0x7e4 ./Core/Src/sdio.o
 .debug_line    0x0000000000003a4b      0x6ff ./Core/Src/stm32f4xx_hal_msp.o
 .debug_line    0x000000000000414a      0x80a ./Core/Src/stm32f4xx_it.o
 .debug_line    0x0000000000004954      0x781 ./Core/Src/system_stm32f4xx.o
 .debug_line    0x00000000000050d5      0x769 ./Core/Src/usart.o
 .debug_line    0x000000000000583e       0x88 ./Core/Startup/startup_stm32f405rgtx.o
 .debug_line    0x00000000000058c6      0x9e7 ./Drivers/STM32F4xx_HAL_Driver/Src/stm32f4xx_hal.o
 .debug_line    0x00000000000062ad     0x125d ./Drivers/STM32F4xx_HAL_Driver/Src/stm32f4xx_hal_adc.o
 .debug_line    0x000000000000750a      0xc96 ./Drivers/STM32F4xx_HAL_Driver/Src/stm32f4xx_hal_cortex.o
 .debug_line    0x00000000000081a0      0xf4b ./Drivers/STM32F4xx_HAL_Driver/Src/stm32f4xx_hal_dma.o
 .debug_line    0x00000000000090eb      0xb5b ./Drivers/STM32F4xx_HAL_Driver/Src/stm32f4xx_hal_gpio.o
 .debug_line    0x0000000000009c46      0xd61 ./Drivers/STM32F4xx_HAL_Driver/Src/stm32f4xx_hal_rcc.o
 .debug_line    0x000000000000a9a7     0x1e14 ./Drivers/STM32F4xx_HAL_Driver/Src/stm32f4xx_hal_sd.o
 .debug_line    0x000000000000c7bb     0x2a8c ./Drivers/STM32F4xx_HAL_Driver/Src/stm32f4xx_hal_uart.o
 .debug_line    0x000000000000f247      0xf7a ./Drivers/STM32F4xx_HAL_Driver/Src/stm32f4xx_ll_sdmmc.o
 .debug_line    0x00000000000101c1      0x90f ./FATFS/App/fatfs.o
 .debug_line    0x0000000000010ad0      0x8ed ./FATFS/Target/bsp_driver_sd.o
 .debug_line    0x00000000000113bd      0x71e ./FATFS/Target/fatfs_platform.o
 .debug_line    0x0000000000011adb      0xb20 ./FATFS/Target/sd_diskio.o
 .debug_line    0x00000000000125fb      0x980 ./Middlewares/Third_Party/FatFs/src/diskio.o
 .debug_line    0x0000000000012f7b     0x3d3c ./Middlewares/Third_Party/FatFs/src/ff.o
 .debug_line    0x0000000000016cb7      0x99e ./Middlewares/Third_Party/FatFs/src/ff_gen_drv.o
 .debug_line    0x0000000000017655      0x9de ./Middlewares/Third_Party/FatFs/src/option/ccsbcs.o

.debug_str      0x0000000000000000    0xcaaec
 .debug_str     0x0000000000000000    0xc2ace ./Core/Src/adc.o
                                      0xc2dcd (size before relaxing)
 .debug_str     0x00000000000c2ace      0x50b ./Core/Src/dma.o
                                      0xc2d8c (size before relaxing)
 .debug_str     0x00000000000c2fd9     0x3955 ./Core/Src/errorstringifyFRresult.o
                                      0xc637b (size before relaxing)
 .debug_str     0x00000000000c692e       0x68 ./Core/Src/gpio.o
                                      0xc295b (size before relaxing)
 .debug_str     0x00000000000c6996      0x1e1 ./Core/Src/main.o
                                      0xc6247 (size before relaxing)
 .debug_str     0x00000000000c6b77      0x20a ./Core/Src/sdTESTS.o
                                      0xc60c6 (size before relaxing)
 .debug_str     0x00000000000c6d81      0x230 ./Core/Src/sdio.o
                                      0xc337f (size before relaxing)
 .debug_str     0x00000000000c6fb1       0x2c ./Core/Src/stm32f4xx_hal_msp.o
                                      0xc2890 (size before relaxing)
 .debug_str     0x00000000000c6fdd      0x11e ./Core/Src/stm32f4xx_it.o
                                      0xc2d57 (size before relaxing)
 .debug_str     0x00000000000c70fb       0xdb ./Core/Src/system_stm32f4xx.o
                                      0xc2877 (size before relaxing)
 .debug_str     0x00000000000c71d6       0x51 ./Core/Src/usart.o
                                      0xc2df0 (size before relaxing)
 .debug_str     0x00000000000c7227       0x36 ./Core/Startup/startup_stm32f405rgtx.o
                                         0x70 (size before relaxing)
 .debug_str     0x00000000000c725d      0x608 ./Drivers/STM32F4xx_HAL_Driver/Src/stm32f4xx_hal.o
                                      0xc33da (size before relaxing)
 .debug_str     0x00000000000c7865      0x2d5 ./Drivers/STM32F4xx_HAL_Driver/Src/stm32f4xx_hal_adc.o
                                      0xc2e64 (size before relaxing)
 .debug_str     0x00000000000c7b3a      0x326 ./Drivers/STM32F4xx_HAL_Driver/Src/stm32f4xx_hal_cortex.o
                                      0xc310d (size before relaxing)
 .debug_str     0x00000000000c7e60      0x2d5 ./Drivers/STM32F4xx_HAL_Driver/Src/stm32f4xx_hal_dma.o
                                      0xc2c91 (size before relaxing)
 .debug_str     0x00000000000c8135      0x121 ./Drivers/STM32F4xx_HAL_Driver/Src/stm32f4xx_hal_gpio.o
                                      0xc29f2 (size before relaxing)
 .debug_str     0x00000000000c8256      0x233 ./Drivers/STM32F4xx_HAL_Driver/Src/stm32f4xx_hal_rcc.o
                                      0xc2cab (size before relaxing)
 .debug_str     0x00000000000c8489      0x902 ./Drivers/STM32F4xx_HAL_Driver/Src/stm32f4xx_hal_sd.o
                                      0xc35f0 (size before relaxing)
 .debug_str     0x00000000000c8d8b      0x5f2 ./Drivers/STM32F4xx_HAL_Driver/Src/stm32f4xx_hal_uart.o
                                      0xc324a (size before relaxing)
 .debug_str     0x00000000000c937d      0x227 ./Drivers/STM32F4xx_HAL_Driver/Src/stm32f4xx_ll_sdmmc.o
                                      0xc2cfe (size before relaxing)
 .debug_str     0x00000000000c95a4       0x36 ./FATFS/App/fatfs.o
                                      0xc5f41 (size before relaxing)
 .debug_str     0x00000000000c95da      0x16f ./FATFS/Target/bsp_driver_sd.o
                                      0xc2f51 (size before relaxing)
 .debug_str     0x00000000000c9749       0x21 ./FATFS/Target/fatfs_platform.o
                                      0xc27ce (size before relaxing)
 .debug_str     0x00000000000c976a      0x148 ./FATFS/Target/sd_diskio.o
                                      0xc606b (size before relaxing)
 .debug_str     0x00000000000c98b2       0x57 ./Middlewares/Third_Party/FatFs/src/diskio.o
                                      0xc5e49 (size before relaxing)
 .debug_str     0x00000000000c9909     0x111c ./Middlewares/Third_Party/FatFs/src/ff.o
                                      0xc717d (size before relaxing)
 .debug_str     0x00000000000caa25       0x7e ./Middlewares/Third_Party/FatFs/src/ff_gen_drv.o
                                      0xc5e9a (size before relaxing)
 .debug_str     0x00000000000caaa3       0x49 ./Middlewares/Third_Party/FatFs/src/option/ccsbcs.o
                                      0xc5c1e (size before relaxing)

.comment        0x0000000000000000       0x50
 .comment       0x0000000000000000       0x50 ./Core/Src/adc.o
                                         0x51 (size before relaxing)
 .comment       0x0000000000000050       0x51 ./Core/Src/dma.o
 .comment       0x0000000000000050       0x51 ./Core/Src/errorstringifyFRresult.o
 .comment       0x0000000000000050       0x51 ./Core/Src/gpio.o
 .comment       0x0000000000000050       0x51 ./Core/Src/main.o
 .comment       0x0000000000000050       0x51 ./Core/Src/sdTESTS.o
 .comment       0x0000000000000050       0x51 ./Core/Src/sdio.o
 .comment       0x0000000000000050       0x51 ./Core/Src/stm32f4xx_hal_msp.o
 .comment       0x0000000000000050       0x51 ./Core/Src/stm32f4xx_it.o
 .comment       0x0000000000000050       0x51 ./Core/Src/system_stm32f4xx.o
 .comment       0x0000000000000050       0x51 ./Core/Src/usart.o
 .comment       0x0000000000000050       0x51 ./Drivers/STM32F4xx_HAL_Driver/Src/stm32f4xx_hal.o
 .comment       0x0000000000000050       0x51 ./Drivers/STM32F4xx_HAL_Driver/Src/stm32f4xx_hal_adc.o
 .comment       0x0000000000000050       0x51 ./Drivers/STM32F4xx_HAL_Driver/Src/stm32f4xx_hal_cortex.o
 .comment       0x0000000000000050       0x51 ./Drivers/STM32F4xx_HAL_Driver/Src/stm32f4xx_hal_dma.o
 .comment       0x0000000000000050       0x51 ./Drivers/STM32F4xx_HAL_Driver/Src/stm32f4xx_hal_gpio.o
 .comment       0x0000000000000050       0x51 ./Drivers/STM32F4xx_HAL_Driver/Src/stm32f4xx_hal_rcc.o
 .comment       0x0000000000000050       0x51 ./Drivers/STM32F4xx_HAL_Driver/Src/stm32f4xx_hal_sd.o
 .comment       0x0000000000000050       0x51 ./Drivers/STM32F4xx_HAL_Driver/Src/stm32f4xx_hal_uart.o
 .comment       0x0000000000000050       0x51 ./Drivers/STM32F4xx_HAL_Driver/Src/stm32f4xx_ll_sdmmc.o
 .comment       0x0000000000000050       0x51 ./FATFS/App/fatfs.o
 .comment       0x0000000000000050       0x51 ./FATFS/Target/bsp_driver_sd.o
 .comment       0x0000000000000050       0x51 ./FATFS/Target/fatfs_platform.o
 .comment       0x0000000000000050       0x51 ./FATFS/Target/sd_diskio.o
 .comment       0x0000000000000050       0x51 ./Middlewares/Third_Party/FatFs/src/diskio.o
 .comment       0x0000000000000050       0x51 ./Middlewares/Third_Party/FatFs/src/ff.o
 .comment       0x0000000000000050       0x51 ./Middlewares/Third_Party/FatFs/src/ff_gen_drv.o
 .comment       0x0000000000000050       0x51 ./Middlewares/Third_Party/FatFs/src/option/ccsbcs.o

.debug_frame    0x0000000000000000     0x3d70
 .debug_frame   0x0000000000000000       0x7c ./Core/Src/adc.o
 .debug_frame   0x000000000000007c       0x34 ./Core/Src/dma.o
 .debug_frame   0x00000000000000b0       0x34 ./Core/Src/errorstringifyFRresult.o
 .debug_frame   0x00000000000000e4       0x34 ./Core/Src/gpio.o
 .debug_frame   0x0000000000000118       0x68 ./Core/Src/main.o
 .debug_frame   0x0000000000000180       0x3c ./Core/Src/sdTESTS.o
 .debug_frame   0x00000000000001bc       0x78 ./Core/Src/sdio.o
 .debug_frame   0x0000000000000234       0x38 ./Core/Src/stm32f4xx_hal_msp.o
 .debug_frame   0x000000000000026c      0x158 ./Core/Src/stm32f4xx_it.o
 .debug_frame   0x00000000000003c4       0x58 ./Core/Src/system_stm32f4xx.o
 .debug_frame   0x000000000000041c       0x74 ./Core/Src/usart.o
 .debug_frame   0x0000000000000490      0x374 ./Drivers/STM32F4xx_HAL_Driver/Src/stm32f4xx_hal.o
 .debug_frame   0x0000000000000804      0x3fc ./Drivers/STM32F4xx_HAL_Driver/Src/stm32f4xx_hal_adc.o
 .debug_frame   0x0000000000000c00      0x498 ./Drivers/STM32F4xx_HAL_Driver/Src/stm32f4xx_hal_cortex.o
 .debug_frame   0x0000000000001098      0x250 ./Drivers/STM32F4xx_HAL_Driver/Src/stm32f4xx_hal_dma.o
 .debug_frame   0x00000000000012e8      0x14c ./Drivers/STM32F4xx_HAL_Driver/Src/stm32f4xx_hal_gpio.o
 .debug_frame   0x0000000000001434      0x1f4 ./Drivers/STM32F4xx_HAL_Driver/Src/stm32f4xx_hal_rcc.o
 .debug_frame   0x0000000000001628      0x650 ./Drivers/STM32F4xx_HAL_Driver/Src/stm32f4xx_hal_sd.o
 .debug_frame   0x0000000000001c78      0x92c ./Drivers/STM32F4xx_HAL_Driver/Src/stm32f4xx_hal_uart.o
 .debug_frame   0x00000000000025a4      0x6d0 ./Drivers/STM32F4xx_HAL_Driver/Src/stm32f4xx_ll_sdmmc.o
 .debug_frame   0x0000000000002c74       0x4c ./FATFS/App/fatfs.o
 .debug_frame   0x0000000000002cc0      0x258 ./FATFS/Target/bsp_driver_sd.o
 .debug_frame   0x0000000000002f18       0x34 ./FATFS/Target/fatfs_platform.o
 .debug_frame   0x0000000000002f4c      0x14c ./FATFS/Target/sd_diskio.o
 .debug_frame   0x0000000000003098       0xec ./Middlewares/Third_Party/FatFs/src/diskio.o
 .debug_frame   0x0000000000003184      0xa18 ./Middlewares/Third_Party/FatFs/src/ff.o
 .debug_frame   0x0000000000003b9c       0xc8 ./Middlewares/Third_Party/FatFs/src/ff_gen_drv.o
 .debug_frame   0x0000000000003c64       0x60 ./Middlewares/Third_Party/FatFs/src/option/ccsbcs.o
 .debug_frame   0x0000000000003cc4       0x2c c:/st/stm32cubeide_1.10.1/stm32cubeide/plugins/com.st.stm32cube.ide.mcu.externaltools.gnu-tools-for-stm32.10.3-2021.10.win32_1.0.0.202111181127/tools/bin/../lib/gcc/arm-none-eabi/10.3.1/../../../../arm-none-eabi/lib/thumb/v7e-m+fp/hard\libc_nano.a(lib_a-init.o)
 .debug_frame   0x0000000000003cf0       0x20 c:/st/stm32cubeide_1.10.1/stm32cubeide/plugins/com.st.stm32cube.ide.mcu.externaltools.gnu-tools-for-stm32.10.3-2021.10.win32_1.0.0.202111181127/tools/bin/../lib/gcc/arm-none-eabi/10.3.1/../../../../arm-none-eabi/lib/thumb/v7e-m+fp/hard\libc_nano.a(lib_a-memset.o)
 .debug_frame   0x0000000000003d10       0x2c c:/st/stm32cubeide_1.10.1/stm32cubeide/plugins/com.st.stm32cube.ide.mcu.externaltools.gnu-tools-for-stm32.10.3-2021.10.win32_1.0.0.202111181127/tools/bin/../lib/gcc/arm-none-eabi/10.3.1/thumb/v7e-m+fp/hard\libgcc.a(_aeabi_uldivmod.o)